Microchip MPLAB XC8 Compiler V3.10

Linker command line:

-W-3 \
  --edf=C:\Program Files\Microchip\xc8\v3.10\pic\dat\20250813170317_en.msgs \
  -cn -h+dist/default/production\PWM_2CH_TX.X.production.sym \
  --cmf=dist/default/production\PWM_2CH_TX.X.production.cmf -z -Q12F675 \
  -oC:\Users\arthu\AppData\Local\Temp\xcAs2h0.0\driver_tmp_3.o \
  --defsym=__MPLAB_BUILD=1 --fixupoverflow=error \
  -Mdist/default/production/PWM_2CH_TX.X.production.map \
  --md=C:\Users\arthu\AppData\Local\Temp\xcAs2h0.0\driver_tmp_0.dat -E1 \
  -ver=XC8 Compiler -ACODE=00h-03FEh -ASTRCODE=00h-03FEh \
  -ASTRING=00h-0FFhx3,0300h-03FEh -ACONST=00h-0FFhx3,0300h-03FEh \
  -AENTRY=00h-0FFhx3,0300h-03FEh -ABANK0=020h-05Dh -ARAM=020h-05Dh \
  -AABS1=020h-05Fh -ACOMMON=05Eh-05Fh -ASFR0=00h-01Fh -ASFR1=080h-0DDh \
  -ACONFIG=02007h-02007h -DCONFIG=2 -AIDLOC=02000h-02003h -DIDLOC=2 \
  -AEEDATA=00h-07Fh/02100h -peeprom_data=EEDATA -DEEDATA=2 -DCODE=2 \
  -DSTRCODE=2 -DSTRING=2 -DCONST=2 -DENTRY=2 \
  -preset_vec=00h,intentry,sivt,init,end_init -ppowerup=CODE -pcinit=CODE \
  -pfunctab=ENTRY -posccal=03FFh -k \
  C:\Users\arthu\AppData\Local\Temp\xcAs2h0.0\driver_tmp_12.o \
  dist/default/production\PWM_2CH_TX.X.production.o 

Object code version is 3.11

Machine type is 12F675



                Name                               Link     Load   Length Selector   Space Scale
C:\Users\arthu\AppData\Local\Temp\xcAs2h0.0\driver_tmp_12.o
                end_init                              0        0        1        0       0
                config                             2007     2007        1        0       4
dist/default/production\PWM_2CH_TX.X.production.o
                cinit                               3F7      3F7        8      7EE       0
                config                             2007     2007        1        0       4
                text6                               359      359       13      6B2       0
                text5                               36C      36C       13      6D8       0
                text4                               347      347       12      68E       0
                text3                               37F      37F       1B      6FE       0
                text2                               39A      39A       23      734       0
                text1                               33D      33D        A      67A       0
                maintext                            3BD      3BD       3A      77A       0
                cstackBANK0                          20       20        6       20       1
                bssBANK0                             26       26        5       20       1

TOTAL           Name                               Link     Load   Length     Space
        CLASS   CODE           
                end_init                              0        0        1         0
                cinit                               3F7      3F7        8         0
                text6                               359      359       13         0
                text5                               36C      36C       13         0
                text4                               347      347       12         0
                text3                               37F      37F       1B         0
                text2                               39A      39A       23         0
                text1                               33D      33D        A         0
                maintext                            3BD      3BD       3A         0

        CLASS   STRCODE        

        CLASS   STRING         

        CLASS   CONST          

        CLASS   ENTRY          

        CLASS   BANK0          
                cstackBANK0                          20       20        6         1
                bssBANK0                             26       26        5         1

        CLASS   RAM            

        CLASS   ABS1           
                abs_s1                               5E       5E        2         1

        CLASS   COMMON         

        CLASS   SFR0           

        CLASS   SFR1           

        CLASS   CONFIG         
                config                             2007     2007        1         4

        CLASS   IDLOC          

        CLASS   EEDATA         

        CLASS   BANK1          

        CLASS   HEAP           

        CLASS   STACK          



SEGMENTS        Name                           Load    Length   Top    Selector   Space  Class     Delta

                reset_vec                      000000  000001  000001         0       0  CODE        2
                cstackBANK0                    000020  00000B  00002B        20       1  BANK0       1
                text1                          00033D  00000A  000347       67A       0  CODE        2
                text4                          000347  000012  000359       68E       0  CODE        2
                text6                          000359  000013  00036C       6B2       0  CODE        2
                text5                          00036C  000013  00037F       6D8       0  CODE        2
                text3                          00037F  00001B  00039A       6FE       0  CODE        2
                text2                          00039A  000023  0003BD       734       0  CODE        2
                maintext                       0003BD  00003A  0003F7       77A       0  CODE        2
                cinit                          0003F7  000008  0003FF       7EE       0  CODE        2


UNUSED ADDRESS RANGES

        Name                Unused          Largest block    Delta
        BANK0            002B-005D             33           1
        CODE             0001-033C            33C           2
        CONST            0001-033C            100           2
        EEDATA           2100-217F             80           2
        ENTRY            0001-033C            100           2
        IDLOC            2000-2003              4           2
        RAM              002B-005D             33           1
        SFR0             0000-001F             20           1
        SFR1             0080-00DD             5E           1
        STRCODE          0001-033C            33C           2
        STRING           0001-033C            100           2

                                  Symbol Table

_ADCON0                     (abs)        001F
_ADRESH                     (abs)        001E
_ANSEL                      (abs)        009F
_CMCON                      (abs)        0019
_GO_nDONE                   (abs)        00F9
_GP0                        (abs)        0028
_GP5                        (abs)        002D
_GPIO                       (abs)        0005
_OPTION_REGbits             (abs)        0081
_TRISIO                     (abs)        0085
_WPU                        (abs)        0095
__H__absolute__             __absolute__ 0000
__Habs1                     abs1         07FE
__Hbank0                    bank0        07FE
__Hbank1                    bank1        07FE
__HbssBANK0                 bssBANK0     07FE
__Hcinit                    cinit        03FF
__Hclrtext                  clrtext      07FE
__Hcode                     code         07FE
__Hcommon                   common       07FE
__Hconfig                   config       2008
__HcstackBANK0              cstackBANK0  07FE
__HcstackCOMMON             cstackCOMMON 07FE
__Heeprom_data              eeprom_data  0000
__Hend_init                 end_init     0001
__Hfunctab                  functab      0000
__Hheap                     heap         07FE
__Hinit                     init         0000
__Hintentry                 intentry     0000
__Hmaintext                 maintext     07FE
__Hosccal                   osccal       03FF
__Hpowerup                  powerup      0000
__Hram                      ram          07FE
__Hreset_vec                reset_vec    0000
__Hsfr0                     sfr0         07FE
__Hsfr1                     sfr1         07FE
__Hsivt                     sivt         0000
__Hspace_0                  (abs)        07FE
__Hspace_1                  (abs)        07FE
__Hspace_2                  (abs)        07FE
__Hspace_3                  (abs)        0000
__Hspace_4                  (abs)        400F
__Hstack                    stack        07FE
__Hstrings                  strings      07FE
__Htext                     text         07FE
__L__absolute__             __absolute__ 0000
__Labs1                     abs1         07FE
__Lbank0                    bank0        07FE
__Lbank1                    bank1        07FE
__LbssBANK0                 bssBANK0     07FE
__Lcinit                    cinit        03F7
__Lclrtext                  clrtext      07FE
__Lcode                     code         07FE
__Lcommon                   common       07FE
__Lconfig                   config       0000
__LcstackBANK0              cstackBANK0  07FE
__LcstackCOMMON             cstackCOMMON 07FE
__Leeprom_data              eeprom_data  0000
__Lend_init                 end_init     0000
__Lfunctab                  functab      0000
__Lheap                     heap         07FE
__Linit                     init         0000
__Lintentry                 intentry     0000
__Lmaintext                 maintext     07FE
__Losccal                   osccal       03FF
__Lpowerup                  powerup      0000
__Lram                      ram          07FE
__Lreset_vec                reset_vec    0000
__Lsfr0                     sfr0         07FE
__Lsfr1                     sfr1         07FE
__Lsivt                     sivt         0000
__Lspace_0                  (abs)        0000
__Lspace_1                  (abs)        0000
__Lspace_2                  (abs)        0000
__Lspace_3                  (abs)        0000
__Lspace_4                  (abs)        0000
__Lstack                    stack        07FE
__Lstrings                  strings      07FE
__Ltext                     text         07FE
__S0                        (abs)        03FF
__S1                        (abs)        002B
__S3                        (abs)        0000
___heap_hi                  (abs)        0000
___heap_lo                  (abs)        0000
___int_sp                   stack        07FE
___int_stack_hi             stack        07FE
___int_stack_lo             stack        07FE
___latbits                  (abs)        0000
___osccal_val               osccal       03FF
___sp                       stack        07FE
___stack_hi                 stack        07FE
___stack_lo                 stack        07FE
___stackhi                  (abs)        0000
___stacklo                  (abs)        0000
__end_of__initialization    cinit        03FD
__end_of_env_bit0           text6        036C
__end_of_env_bit1           text5        037F
__end_of_init_system        text4        0359
__end_of_main               maintext     03F7
__end_of_read_adc_manual    text3        039A
__end_of_shift_right_buffer text2        03BD
__end_of_start_bit          text1        0347
__initialization            cinit        03F7
__pbssBANK0                 bssBANK0     0026
__pcstackBANK0              cstackBANK0  0020
__pcstackCOMMON             cstackCOMMON 0000
__pmaintext                 maintext     03BD
__ptext1                    text1        033D
__ptext2                    text2        039A
__ptext3                    text3        037F
__ptext4                    text4        0347
__ptext5                    text5        036C
__ptext6                    text6        0359
_buffer                     bssBANK0     0026
_env_bit0                   text6        0359
_env_bit1                   text5        036C
_init_system                text4        0347
_main                       maintext     03BD
_read_adc_manual            text3        037F
_shift_right_buffer         text2        039A
_start_bit                  text1        033D
btemp                       (abs)        005E
btemp0                      (abs)        005E
btemp1                      (abs)        005F
end_of_initialization       cinit        03FD
intlevel0                   functab      0000
intlevel1                   functab      0000
intlevel2                   functab      0000
intlevel3                   functab      0000
intlevel4                   functab      0000
intlevel5                   functab      0000
ltemp0a                     (abs)        0060
main@a                      cstackBANK0  0025
read_adc_manual@channel     cstackBANK0  0021
reset_vec                   reset_vec    0000
shift_right_buffer@carry    cstackBANK0  0020
shift_right_buffer@i        cstackBANK0  0022
shift_right_buffer@next     cstackBANK0  0021
start                       init         0000
start_initialization        cinit        03F7
ttemp0a                     (abs)        005F
wtemp0                      (abs)        005E
wtemp0a                     (abs)        005F


MODULE INFORMATION

Module		Function		Class		Link	Load	Size
shared
		__initialization		CODE           	03F7	0000	6

shared estimated size: 6

main_TX.c
		_init_system   		CODE           	0347	0000	18
		_main          		CODE           	03BD	0000	58
		_read_adc_manual		CODE           	037F	0000	27
		_shift_right_buffer		CODE           	039A	0000	35
		_env_bit0      		CODE           	0359	0000	19
		_env_bit1      		CODE           	036C	0000	19
		_start_bit     		CODE           	033D	0000	10

main_TX.c estimated size: 186

