

Microchip MPLAB XC8 Assembler V3.10 build 20250813170317 
                                                                                               Thu May 21 22:14:47 2026

Microchip MPLAB XC8 C Compiler v3.10 (Free license) build 20250813170317 Og1 
     1                           	processor	12F675
     2                           	pagewidth 120
     3                           	opt	flic
     4                           	psect	cinit,global,class=CODE,space=0,merge=1,delta=2
     5                           	psect	bssBANK0,global,class=BANK0,space=1,delta=1,noexec
     6                           	psect	cstackCOMMON,global,class=COMMON,space=1,delta=1,noexec
     7                           	psect	cstackBANK0,global,class=BANK0,space=1,delta=1,noexec
     8                           	psect	maintext,global,class=CODE,space=0,split=1,delta=2
     9                           	psect	text1,local,class=CODE,space=0,merge=1,delta=2
    10                           	psect	text2,local,class=CODE,space=0,merge=1,delta=2
    11                           	psect	text3,local,class=CODE,space=0,merge=1,delta=2
    12                           	psect	text4,local,class=CODE,space=0,merge=1,delta=2
    13                           	psect	text5,local,class=CODE,space=0,merge=1,delta=2
    14                           	psect	text6,local,class=CODE,space=0,merge=1,delta=2
    15                           	psect	config,global,abs,ovrld,class=CONFIG,space=4,delta=2,noexec
    16                           	dabs	1,0x5E,2
    17     0000                     
    18                           ; Generated 26/03/2025 GMT
    19                           ; 
    20                           ; Copyright © 2025, Microchip Technology Inc. and its subsidiaries ("Microchip")
    21                           ; All rights reserved.
    22                           ; 
    23                           ; This software is developed by Microchip Technology Inc. and its subsidiaries ("Microch
      +                          ip").
    24                           ; 
    25                           ; Redistribution and use in source and binary forms, with or without modification, are
    26                           ; permitted provided that the following conditions are met:
    27                           ; 
    28                           ;     1. Redistributions of source code must retain the above copyright notice, this lis
      +                          t of
    29                           ;        conditions and the following disclaimer.
    30                           ; 
    31                           ;     2. Redistributions in binary form must reproduce the above copyright notice, this 
      +                          list
    32                           ;        of conditions and the following disclaimer in the documentation and/or other
    33                           ;        materials provided with the distribution. Publication is not required when
    34                           ;        this file is used in an embedded application.
    35                           ; 
    36                           ;     3. Microchip's name may not be used to endorse or promote products derived from th
      +                          is
    37                           ;        software without specific prior written permission.
    38                           ; 
    39                           ; THIS SOFTWARE IS PROVIDED BY MICROCHIP "AS IS" AND ANY EXPRESS OR IMPLIED WARRANTIES,
    40                           ; INCLUDING, BUT NOT LIMITED TO, THE IMPLIED WARRANTIES OF MERCHANTABILITY AND FITNESS F
      +                          OR
    41                           ; PURPOSE ARE DISCLAIMED.  IN NO EVENT SHALL MICROCHIP BE LIABLE FOR ANY DIRECT, INDIREC
      +                          T,
    42                           ; INCIDENTAL, SPECIAL, EXEMPLARY, OR CONSEQUENTIAL DAMAGES (INCLUDING BUT NOT LIMITED TO
    43                           ; PROCUREMENT OF SUBSTITUTE GOODS OR SERVICES; LOSS OF USE, DATA OR PROFITS; OR BUSINESS
    44                           ; INTERRUPTION) HOWSOEVER CAUSED AND ON ANY THEORY OF LIABILITY, WHETHER IN CONTRACT, ST
      +                          RICT
    45                           ; LIABILITY, OR TORT (INCLUDING NEGLIGENCE OR OTHERWISE) ARISING IN ANY WAY OUT OF THE U
      +                          SE OF
    46                           ; THIS SOFTWARE, EVEN IF ADVISED OF THE POSSIBILITY OF SUCH DAMAGE.
    47                           ; 
    48                           ; 
    49                           ; Code-generator required, PIC12F675 Definitions
    50                           ; 
    51                           ; SFR Addresses
    52     0004                     fsr             equ	4
    53     0004                     fsr0            equ	4
    54     0000                     indf            equ	0
    55     0000                     indf0           equ	0
    56     0002                     pc              equ	2
    57     0002                     pcl             equ	2
    58     000A                     pclath          equ	10
    59     0003                     status          equ	3
    60     0000                     INDF            equ	0	;# 
    61     0001                     TMR0            equ	1	;# 
    62     0002                     PCL             equ	2	;# 
    63     0003                     STATUS          equ	3	;# 
    64     0004                     FSR             equ	4	;# 
    65     0005                     GPIO            equ	5	;# 
    66     000A                     PCLATH          equ	10	;# 
    67     000B                     INTCON          equ	11	;# 
    68     000C                     PIR1            equ	12	;# 
    69     000E                     TMR1            equ	14	;# 
    70     000E                     TMR1L           equ	14	;# 
    71     000F                     TMR1H           equ	15	;# 
    72     0010                     T1CON           equ	16	;# 
    73     0019                     CMCON           equ	25	;# 
    74     001E                     ADRESH          equ	30	;# 
    75     001F                     ADCON0          equ	31	;# 
    76     0081                     OPTION_REG      equ	129	;# 
    77     0085                     TRISIO          equ	133	;# 
    78     008C                     PIE1            equ	140	;# 
    79     008E                     PCON            equ	142	;# 
    80     0090                     OSCCAL          equ	144	;# 
    81     0095                     WPU             equ	149	;# 
    82     0096                     IOC             equ	150	;# 
    83     0096                     IOCB            equ	150	;# 
    84     0099                     VRCON           equ	153	;# 
    85     009A                     EEDATA          equ	154	;# 
    86     009A                     EEDAT           equ	154	;# 
    87     009B                     EEADR           equ	155	;# 
    88     009C                     EECON1          equ	156	;# 
    89     009D                     EECON2          equ	157	;# 
    90     009E                     ADRESL          equ	158	;# 
    91     009F                     ANSEL           equ	159	;# 
    92     0000                     INDF            equ	0	;# 
    93     0001                     TMR0            equ	1	;# 
    94     0002                     PCL             equ	2	;# 
    95     0003                     STATUS          equ	3	;# 
    96     0004                     FSR             equ	4	;# 
    97     0005                     GPIO            equ	5	;# 
    98     000A                     PCLATH          equ	10	;# 
    99     000B                     INTCON          equ	11	;# 
   100     000C                     PIR1            equ	12	;# 
   101     000E                     TMR1            equ	14	;# 
   102     000E                     TMR1L           equ	14	;# 
   103     000F                     TMR1H           equ	15	;# 
   104     0010                     T1CON           equ	16	;# 
   105     0019                     CMCON           equ	25	;# 
   106     001E                     ADRESH          equ	30	;# 
   107     001F                     ADCON0          equ	31	;# 
   108     0081                     OPTION_REG      equ	129	;# 
   109     0085                     TRISIO          equ	133	;# 
   110     008C                     PIE1            equ	140	;# 
   111     008E                     PCON            equ	142	;# 
   112     0090                     OSCCAL          equ	144	;# 
   113     0095                     WPU             equ	149	;# 
   114     0096                     IOC             equ	150	;# 
   115     0096                     IOCB            equ	150	;# 
   116     0099                     VRCON           equ	153	;# 
   117     009A                     EEDATA          equ	154	;# 
   118     009A                     EEDAT           equ	154	;# 
   119     009B                     EEADR           equ	155	;# 
   120     009C                     EECON1          equ	156	;# 
   121     009D                     EECON2          equ	157	;# 
   122     009E                     ADRESL          equ	158	;# 
   123     009F                     ANSEL           equ	159	;# 
   124     001E                     _ADRESH         set	30
   125     0005                     _GPIO           set	5
   126     001F                     _ADCON0         set	31
   127     0019                     _CMCON          set	25
   128     0028                     _GP0            set	40
   129     00F9                     _GO_nDONE       set	249
   130     002D                     _GP5            set	45
   131     0081                     _OPTION_REGbits set	129
   132     0095                     _WPU            set	149
   133     0085                     _TRISIO         set	133
   134     009F                     _ANSEL          set	159
   135                           
   136                           	psect	cinit
   137     03F7                     start_initialization:	
   138                           ; #config settings
   139                           
   140     03F7                     __initialization:
   141                           
   142                           ; Clear objects allocated to BANK0
   143     03F7  1283               	bcf	3,5	;RP0=0, select bank0
   144     03F8  01A6               	clrf	__pbssBANK0& (0+127)
   145     03F9  01A7               	clrf	(__pbssBANK0+1)& (0+127)
   146     03FA  01A8               	clrf	(__pbssBANK0+2)& (0+127)
   147     03FB  01A9               	clrf	(__pbssBANK0+3)& (0+127)
   148     03FC  01AA               	clrf	(__pbssBANK0+4)& (0+127)
   149     03FD                     end_of_initialization:	
   150                           ;End of C runtime variable initialization code
   151                           
   152     03FD                     __end_of__initialization:
   153     03FD  0183               	clrf	3
   154     03FE  2BBD               	ljmp	_main	;jump to C main() function
   155                           
   156                           	psect	bssBANK0
   157     0026                     __pbssBANK0:
   158     0026                     _buffer:
   159     0026                     	ds	5
   160                           
   161                           	psect	cstackCOMMON
   162     0000                     __pcstackCOMMON:
   163     0000                     ??_shift_right_buffer:
   164     0000                     ??_init_system:	
   165                           ; 1 bytes @ 0x0
   166                           
   167                           
   168                           	psect	cstackBANK0
   169     0020                     __pcstackBANK0:	
   170                           ; 1 bytes @ 0x0
   171                           
   172     0020                     ?_shift_right_buffer:
   173     0020                     ?_env_bit1:	
   174                           ; 1 bytes @ 0x0
   175                           
   176     0020                     ?_env_bit0:	
   177                           ; 1 bytes @ 0x0
   178                           
   179     0020                     ?_start_bit:	
   180                           ; 1 bytes @ 0x0
   181                           
   182     0020                     ?_init_system:	
   183                           ; 1 bytes @ 0x0
   184                           
   185     0020                     ?_read_adc_manual:	
   186                           ; 1 bytes @ 0x0
   187                           
   188     0020                     ?_main:	
   189                           ; 1 bytes @ 0x0
   190                           
   191     0020                     shift_right_buffer@carry:	
   192                           ; 1 bytes @ 0x0
   193                           
   194     0020                     ??_env_bit1:	
   195                           ; 1 bytes @ 0x0
   196                           
   197     0020                     ??_env_bit0:	
   198                           ; 1 bytes @ 0x0
   199                           
   200     0020                     ??_start_bit:	
   201                           ; 1 bytes @ 0x0
   202                           
   203     0020                     ??_read_adc_manual:	
   204                           ; 1 bytes @ 0x0
   205                           
   206                           
   207                           ; 1 bytes @ 0x0
   208     0020                     	ds	1
   209     0021                     shift_right_buffer@next:
   210     0021                     read_adc_manual@channel:	
   211                           ; 1 bytes @ 0x1
   212                           
   213                           
   214                           ; 1 bytes @ 0x1
   215     0021                     	ds	1
   216     0022                     shift_right_buffer@i:
   217                           
   218                           ; 1 bytes @ 0x2
   219     0022                     	ds	1
   220     0023                     ??_main:
   221                           
   222                           ; 1 bytes @ 0x3
   223     0023                     	ds	2
   224     0025                     main@a:
   225                           
   226                           ; 1 bytes @ 0x5
   227     0025                     	ds	1
   228                           
   229                           	psect	maintext
   230     03BD                     __pmaintext:	
   231 ;;
   232 ;;Main: autosize = 0, tempsize = 2, incstack = 0, save=0
   233 ;;
   234 ;; *************** function _main *****************
   235 ;; Defined at:
   236 ;;		line 98 in file "main_TX.c"
   237 ;; Parameters:    Size  Location     Type
   238 ;;		None
   239 ;; Auto vars:     Size  Location     Type
   240 ;;  a               1    5[BANK0 ] unsigned char 
   241 ;; Return value:  Size  Location     Type
   242 ;;                  1    wreg      void 
   243 ;; Registers used:
   244 ;;		wreg, fsr0l, fsr0h, status,2, status,0, pclath, cstack
   245 ;; Tracked objects:
   246 ;;		On entry : B00/0
   247 ;;		On exit  : 0/0
   248 ;;		Unchanged: 0/0
   249 ;; Data sizes:     COMMON   BANK0
   250 ;;      Params:         0       0
   251 ;;      Locals:         0       1
   252 ;;      Temps:          0       2
   253 ;;      Totals:         0       3
   254 ;;Total ram usage:        3 bytes
   255 ;; Hardware stack levels required when called: 1
   256 ;; This function calls:
   257 ;;		_env_bit0
   258 ;;		_env_bit1
   259 ;;		_init_system
   260 ;;		_read_adc_manual
   261 ;;		_shift_right_buffer
   262 ;;		_start_bit
   263 ;; This function is called by:
   264 ;;		Startup code after reset
   265 ;; This function uses a non-reentrant model
   266 ;;
   267                           
   268     03BD                     _main:	
   269                           ;psect for function _main
   270                           
   271     03BD                     l736:	
   272                           ;incstack = 0
   273                           ; Regs used in _main: [wreg-fsr0h+status,2+status,0+pclath+cstack]
   274                           
   275                           
   276                           ;main_TX.c: 99:     init_system();
   277     03BD  2347               	fcall	_init_system
   278     03BE                     l738:
   279                           
   280                           ;main_TX.c: 102:         uint8_t a;;main_TX.c: 103:         buffer[0] = 0;
   281     03BE  1283               	bcf	3,5	;RP0=0, select bank0
   282     03BF  01A6               	clrf	_buffer
   283     03C0                     l740:
   284                           
   285                           ;main_TX.c: 106:         buffer[4] = 0x57;
   286     03C0  3057               	movlw	87
   287     03C1  00AA               	movwf	_buffer+4
   288     03C2                     l742:
   289                           
   290                           ;main_TX.c: 107:         buffer[0] += buffer[4];
   291     03C2  082A               	movf	_buffer+4,w
   292     03C3  07A6               	addwf	_buffer,f
   293     03C4                     l744:
   294                           
   295                           ;main_TX.c: 110:         buffer[3] = read_adc_manual(2);
   296     03C4  3002               	movlw	2
   297     03C5  237F               	fcall	_read_adc_manual
   298     03C6  1283               	bcf	3,5	;RP0=0, select bank0
   299     03C7  00A9               	movwf	_buffer+3
   300     03C8                     l746:
   301                           
   302                           ;main_TX.c: 111:         buffer[0] += buffer[3];
   303     03C8  0829               	movf	_buffer+3,w
   304     03C9  07A6               	addwf	_buffer,f
   305     03CA                     l748:
   306                           
   307                           ;main_TX.c: 114:         buffer[2] = read_adc_manual(3);
   308     03CA  3003               	movlw	3
   309     03CB  237F               	fcall	_read_adc_manual
   310     03CC  1283               	bcf	3,5	;RP0=0, select bank0
   311     03CD  00A8               	movwf	_buffer+2
   312     03CE                     l750:
   313                           
   314                           ;main_TX.c: 115:         buffer[0] += buffer[2];
   315     03CE  0828               	movf	_buffer+2,w
   316     03CF  07A6               	addwf	_buffer,f
   317     03D0                     l752:
   318                           
   319                           ;main_TX.c: 118:         buffer[1] = (GP0 == 0) ? 1 : 0;
   320     03D0  1003               	clrc
   321     03D1  1C05               	btfss	5,0	;volatile
   322     03D2  1403               	setc
   323     03D3  3000               	movlw	0
   324     03D4  1803               	skipnc
   325     03D5  3001               	movlw	1
   326     03D6  00A7               	movwf	_buffer+1
   327     03D7                     l754:
   328                           
   329                           ;main_TX.c: 119:         buffer[0] += buffer[1];
   330     03D7  0827               	movf	_buffer+1,w
   331     03D8  07A6               	addwf	_buffer,f
   332     03D9                     l756:
   333                           
   334                           ;main_TX.c: 122:         start_bit();
   335     03D9  233D               	fcall	_start_bit
   336     03DA                     l758:
   337                           
   338                           ;main_TX.c: 123:         for(a = 0; a < 40; a++) {
   339     03DA  1283               	bcf	3,5	;RP0=0, select bank0
   340     03DB  01A5               	clrf	main@a
   341     03DC                     l56:
   342                           
   343                           ;main_TX.c: 124:             if(buffer[0] & 0x01) {
   344     03DC  1C26               	btfss	_buffer,0
   345     03DD  2BDF               	goto	u91
   346     03DE  2BE0               	goto	u90
   347     03DF                     u91:
   348     03DF  2BE2               	goto	l766
   349     03E0                     u90:
   350     03E0                     l764:
   351                           
   352                           ;main_TX.c: 125:                 env_bit1();
   353     03E0  236C               	fcall	_env_bit1
   354                           
   355                           ;main_TX.c: 126:             } else {
   356     03E1  2BE3               	goto	l768
   357     03E2                     l766:
   358                           
   359                           ;main_TX.c: 127:                 env_bit0();
   360     03E2  2359               	fcall	_env_bit0
   361     03E3                     l768:
   362                           
   363                           ;main_TX.c: 129:             shift_right_buffer();
   364     03E3  239A               	fcall	_shift_right_buffer
   365     03E4                     l770:
   366                           
   367                           ;main_TX.c: 130:         }
   368     03E4  3001               	movlw	1
   369     03E5  1283               	bcf	3,5	;RP0=0, select bank0
   370     03E6  07A5               	addwf	main@a,f
   371     03E7                     l772:
   372     03E7  3028               	movlw	40
   373     03E8  0225               	subwf	main@a,w
   374     03E9  1C03               	skipc
   375     03EA  2BEC               	goto	u101
   376     03EB  2BED               	goto	u100
   377     03EC                     u101:
   378     03EC  2BDC               	goto	l56
   379     03ED                     u100:
   380     03ED                     l774:
   381                           
   382                           ;main_TX.c: 133:         _delay((unsigned long)((11 * 500)*(4000000/4000000.0)));
   383     03ED  3008               	movlw	8
   384     03EE  00A4               	movwf	??_main+1
   385     03EF  3023               	movlw	35
   386     03F0  00A3               	movwf	??_main
   387     03F1                     u117:
   388     03F1  0BA3               	decfsz	??_main,f
   389     03F2  2BF1               	goto	u117
   390     03F3  0BA4               	decfsz	??_main+1,f
   391     03F4  2BF1               	goto	u117
   392     03F5  2BBE               	goto	l738
   393     03F6  2800               	ljmp	start
   394     03F7                     __end_of_main:
   395                           
   396                           	psect	text1
   397     033D                     __ptext1:	
   398 ;; *************** function _start_bit *****************
   399 ;; Defined at:
   400 ;;		line 68 in file "main_TX.c"
   401 ;; Parameters:    Size  Location     Type
   402 ;;		None
   403 ;; Auto vars:     Size  Location     Type
   404 ;;		None
   405 ;; Return value:  Size  Location     Type
   406 ;;                  1    wreg      void 
   407 ;; Registers used:
   408 ;;		wreg
   409 ;; Tracked objects:
   410 ;;		On entry : 0/0
   411 ;;		On exit  : 0/0
   412 ;;		Unchanged: 0/0
   413 ;; Data sizes:     COMMON   BANK0
   414 ;;      Params:         0       0
   415 ;;      Locals:         0       0
   416 ;;      Temps:          0       1
   417 ;;      Totals:         0       1
   418 ;;Total ram usage:        1 bytes
   419 ;; Hardware stack levels used: 1
   420 ;; This function calls:
   421 ;;		Nothing
   422 ;; This function is called by:
   423 ;;		_main
   424 ;; This function uses a non-reentrant model
   425 ;;
   426                           
   427     033D                     _start_bit:	
   428                           ;psect for function _start_bit
   429                           
   430     033D                     l720:	
   431                           ;incstack = 0
   432                           ; Regs used in _start_bit: [wreg]
   433                           
   434                           
   435                           ;main_TX.c: 69:     GP5 = 1;
   436     033D  1283               	bcf	3,5	;RP0=0, select bank0
   437     033E  1685               	bsf	5,5	;volatile
   438     033F                     l722:
   439                           
   440                           ;main_TX.c: 70:     _delay((unsigned long)((500)*(4000000/4000000.0)));
   441     033F  30A6               	movlw	166
   442     0340  00A0               	movwf	??_start_bit
   443     0341                     u127:
   444     0341  0BA0               	decfsz	??_start_bit,f
   445     0342  2B41               	goto	u127
   446     0343  0000               	nop
   447     0344                     l724:
   448                           
   449                           ;main_TX.c: 71:     GP5 = 0;
   450     0344  1283               	bcf	3,5	;RP0=0, select bank0
   451     0345  1285               	bcf	5,5	;volatile
   452     0346                     l41:
   453     0346  0008               	return
   454     0347                     __end_of_start_bit:
   455                           
   456                           	psect	text2
   457     039A                     __ptext2:	
   458 ;; *************** function _shift_right_buffer *****************
   459 ;; Defined at:
   460 ;;		line 42 in file "main_TX.c"
   461 ;; Parameters:    Size  Location     Type
   462 ;;		None
   463 ;; Auto vars:     Size  Location     Type
   464 ;;  next            1    1[BANK0 ] unsigned char 
   465 ;;  i               1    2[BANK0 ] char 
   466 ;;  carry           1    0[BANK0 ] unsigned char 
   467 ;; Return value:  Size  Location     Type
   468 ;;                  1    wreg      void 
   469 ;; Registers used:
   470 ;;		wreg, fsr0l, fsr0h, status,2, status,0
   471 ;; Tracked objects:
   472 ;;		On entry : 0/0
   473 ;;		On exit  : 0/0
   474 ;;		Unchanged: 0/0
   475 ;; Data sizes:     COMMON   BANK0
   476 ;;      Params:         0       0
   477 ;;      Locals:         0       3
   478 ;;      Temps:          0       0
   479 ;;      Totals:         0       3
   480 ;;Total ram usage:        3 bytes
   481 ;; Hardware stack levels used: 1
   482 ;; This function calls:
   483 ;;		Nothing
   484 ;; This function is called by:
   485 ;;		_main
   486 ;; This function uses a non-reentrant model
   487 ;;
   488                           
   489     039A                     _shift_right_buffer:	
   490                           ;psect for function _shift_right_buffer
   491                           
   492     039A                     l606:	
   493                           ;incstack = 0
   494                           ; Regs used in _shift_right_buffer: [wreg-fsr0h+status,2+status,0]
   495                           
   496                           
   497                           ;main_TX.c: 43:     uint8_t carry = 0;
   498     039A  1283               	bcf	3,5	;RP0=0, select bank0
   499     039B  01A0               	clrf	shift_right_buffer@carry
   500     039C                     l608:
   501                           
   502                           ;main_TX.c: 44:     for(int8_t i = 4; i >= 0; i--) {
   503     039C  3004               	movlw	4
   504     039D  00A2               	movwf	shift_right_buffer@i
   505     039E                     l614:
   506                           
   507                           ;main_TX.c: 45:         uint8_t next = buffer[i] & 0x01;
   508     039E  0822               	movf	shift_right_buffer@i,w
   509     039F  3E26               	addlw	(low (_buffer| 0))& (0+255)
   510     03A0  0084               	movwf	4
   511     03A1  1383               	bcf	3,7	;select IRP bank0
   512     03A2  0800               	movf	0,w
   513     03A3  00A1               	movwf	shift_right_buffer@next
   514     03A4                     l616:
   515     03A4  3001               	movlw	1
   516     03A5  05A1               	andwf	shift_right_buffer@next,f
   517     03A6                     l618:
   518                           
   519                           ;main_TX.c: 46:         buffer[i] >>= 1;
   520     03A6  0822               	movf	shift_right_buffer@i,w
   521     03A7  3E26               	addlw	(low (_buffer| 0))& (0+255)
   522     03A8  0084               	movwf	4
   523     03A9  1003               	clrc
   524     03AA  0C80               	rrf	0,f
   525                           
   526                           ;main_TX.c: 47:         if(carry) buffer[i] |= 0x80;
   527     03AB  0820               	movf	shift_right_buffer@carry,w
   528     03AC  1903               	btfsc	3,2
   529     03AD  2BAF               	goto	u11
   530     03AE  2BB0               	goto	u10
   531     03AF                     u11:
   532     03AF  2BB4               	goto	l622
   533     03B0                     u10:
   534     03B0                     l620:
   535     03B0  0822               	movf	shift_right_buffer@i,w
   536     03B1  3E26               	addlw	(low (_buffer| 0))& (0+255)
   537     03B2  0084               	movwf	4
   538     03B3  1780               	bsf	0,7
   539     03B4                     l622:
   540                           
   541                           ;main_TX.c: 48:         carry = next;
   542     03B4  0821               	movf	shift_right_buffer@next,w
   543     03B5  00A0               	movwf	shift_right_buffer@carry
   544     03B6                     l624:
   545                           
   546                           ;main_TX.c: 49:     }
   547     03B6  30FF               	movlw	255
   548     03B7  07A2               	addwf	shift_right_buffer@i,f
   549     03B8                     l626:
   550     03B8  1FA2               	btfss	shift_right_buffer@i,7
   551     03B9  2BBB               	goto	u21
   552     03BA  2BBC               	goto	u20
   553     03BB                     u21:
   554     03BB  2B9E               	goto	l614
   555     03BC                     u20:
   556     03BC                     l32:
   557     03BC  0008               	return
   558     03BD                     __end_of_shift_right_buffer:
   559                           
   560                           	psect	text3
   561     037F                     __ptext3:	
   562 ;; *************** function _read_adc_manual *****************
   563 ;; Defined at:
   564 ;;		line 87 in file "main_TX.c"
   565 ;; Parameters:    Size  Location     Type
   566 ;;  channel         1    wreg     unsigned char 
   567 ;; Auto vars:     Size  Location     Type
   568 ;;  channel         1    1[BANK0 ] unsigned char 
   569 ;; Return value:  Size  Location     Type
   570 ;;                  1    wreg      unsigned char 
   571 ;; Registers used:
   572 ;;		wreg, status,2, status,0
   573 ;; Tracked objects:
   574 ;;		On entry : 0/0
   575 ;;		On exit  : 0/0
   576 ;;		Unchanged: 0/0
   577 ;; Data sizes:     COMMON   BANK0
   578 ;;      Params:         0       0
   579 ;;      Locals:         0       1
   580 ;;      Temps:          0       1
   581 ;;      Totals:         0       2
   582 ;;Total ram usage:        2 bytes
   583 ;; Hardware stack levels used: 1
   584 ;; This function calls:
   585 ;;		Nothing
   586 ;; This function is called by:
   587 ;;		_main
   588 ;; This function uses a non-reentrant model
   589 ;;
   590                           
   591     037F                     _read_adc_manual:	
   592                           ;psect for function _read_adc_manual
   593                           
   594                           
   595                           ;incstack = 0
   596                           ; Regs used in _read_adc_manual: [wreg+status,2+status,0]
   597                           ;read_adc_manual@channel stored from wreg
   598     037F  1283               	bcf	3,5	;RP0=0, select bank0
   599     0380  00A1               	movwf	read_adc_manual@channel
   600     0381                     l726:
   601                           
   602                           ;main_TX.c: 88:     ADCON0 = (channel << 2) | 0x01;
   603     0381  0821               	movf	read_adc_manual@channel,w
   604     0382  00A0               	movwf	??_read_adc_manual
   605     0383  3001               	movlw	1
   606     0384                     u75:
   607     0384  1003               	clrc
   608     0385  0DA0               	rlf	??_read_adc_manual,f
   609     0386  3EFF               	addlw	-1
   610     0387  1D03               	skipz
   611     0388  2B84               	goto	u75
   612     0389  1003               	clrc
   613     038A  0D20               	rlf	??_read_adc_manual,w
   614     038B  3801               	iorlw	1
   615     038C  009F               	movwf	31	;volatile
   616     038D                     l728:
   617                           
   618                           ;main_TX.c: 89:     _delay((unsigned long)((50)*(4000000/4000000.0)));
   619     038D  3010               	movlw	16
   620     038E  00A0               	movwf	??_read_adc_manual
   621     038F                     u137:
   622     038F  0BA0               	decfsz	??_read_adc_manual,f
   623     0390  2B8F               	goto	u137
   624     0391  0000               	nop
   625     0392                     l730:
   626                           
   627                           ;main_TX.c: 90:     GO_nDONE = 1;
   628     0392  1283               	bcf	3,5	;RP0=0, select bank0
   629     0393  149F               	bsf	31,1	;volatile
   630     0394                     l47:	
   631                           ;main_TX.c: 91:     while(GO_nDONE);
   632                           
   633     0394  189F               	btfsc	31,1	;volatile
   634     0395  2B97               	goto	u81
   635     0396  2B98               	goto	u80
   636     0397                     u81:
   637     0397  2B94               	goto	l47
   638     0398                     u80:
   639     0398                     l732:
   640                           
   641                           ;main_TX.c: 92:     return ADRESH;
   642     0398  081E               	movf	30,w	;volatile
   643     0399                     l50:
   644     0399  0008               	return
   645     039A                     __end_of_read_adc_manual:
   646                           
   647                           	psect	text4
   648     0347                     __ptext4:	
   649 ;; *************** function _init_system *****************
   650 ;; Defined at:
   651 ;;		line 77 in file "main_TX.c"
   652 ;; Parameters:    Size  Location     Type
   653 ;;		None
   654 ;; Auto vars:     Size  Location     Type
   655 ;;		None
   656 ;; Return value:  Size  Location     Type
   657 ;;                  1    wreg      void 
   658 ;; Registers used:
   659 ;;		status,2
   660 ;; Tracked objects:
   661 ;;		On entry : 0/0
   662 ;;		On exit  : 0/0
   663 ;;		Unchanged: 0/0
   664 ;; Data sizes:     COMMON   BANK0
   665 ;;      Params:         0       0
   666 ;;      Locals:         0       0
   667 ;;      Temps:          0       0
   668 ;;      Totals:         0       0
   669 ;;Total ram usage:        0 bytes
   670 ;; Hardware stack levels used: 1
   671 ;; This function calls:
   672 ;;		Nothing
   673 ;; This function is called by:
   674 ;;		_main
   675 ;; This function uses a non-reentrant model
   676 ;;
   677                           
   678     0347                     _init_system:	
   679                           ;psect for function _init_system
   680                           
   681     0347                     l650:	
   682                           ;incstack = 0
   683                           ; Regs used in _init_system: [status,2]
   684                           
   685                           
   686                           ;main_TX.c: 78:     CMCON = 0x07;
   687     0347  3007               	movlw	7
   688     0348  1283               	bcf	3,5	;RP0=0, select bank0
   689     0349  0099               	movwf	25	;volatile
   690                           
   691                           ;main_TX.c: 79:     ANSEL = 0b00001100;
   692     034A  300C               	movlw	12
   693     034B  1683               	bsf	3,5	;RP0=1, select bank1
   694     034C  009F               	movwf	31	;volatile
   695                           
   696                           ;main_TX.c: 80:     ADCON0 = 0x01;
   697     034D  3001               	movlw	1
   698     034E  1283               	bcf	3,5	;RP0=0, select bank0
   699     034F  009F               	movwf	31	;volatile
   700                           
   701                           ;main_TX.c: 81:     TRISIO = 0b010101;
   702     0350  3015               	movlw	21
   703     0351  1683               	bsf	3,5	;RP0=1, select bank1
   704     0352  0085               	movwf	5	;volatile
   705                           
   706                           ;main_TX.c: 82:     WPU = 0b00000001;
   707     0353  3001               	movlw	1
   708     0354  0095               	movwf	21	;volatile
   709                           
   710                           ;main_TX.c: 83:     OPTION_REGbits.nGPPU = 0;
   711     0355  1381               	bcf	1,7	;volatile
   712     0356                     l652:
   713                           
   714                           ;main_TX.c: 84:     GPIO = 0;
   715     0356  1283               	bcf	3,5	;RP0=0, select bank0
   716     0357  0185               	clrf	5	;volatile
   717     0358                     l44:
   718     0358  0008               	return
   719     0359                     __end_of_init_system:
   720                           
   721                           	psect	text5
   722     036C                     __ptext5:	
   723 ;; *************** function _env_bit1 *****************
   724 ;; Defined at:
   725 ;;		line 52 in file "main_TX.c"
   726 ;; Parameters:    Size  Location     Type
   727 ;;		None
   728 ;; Auto vars:     Size  Location     Type
   729 ;;		None
   730 ;; Return value:  Size  Location     Type
   731 ;;                  1    wreg      void 
   732 ;; Registers used:
   733 ;;		wreg
   734 ;; Tracked objects:
   735 ;;		On entry : 0/0
   736 ;;		On exit  : 0/0
   737 ;;		Unchanged: 0/0
   738 ;; Data sizes:     COMMON   BANK0
   739 ;;      Params:         0       0
   740 ;;      Locals:         0       0
   741 ;;      Temps:          0       1
   742 ;;      Totals:         0       1
   743 ;;Total ram usage:        1 bytes
   744 ;; Hardware stack levels used: 1
   745 ;; This function calls:
   746 ;;		Nothing
   747 ;; This function is called by:
   748 ;;		_main
   749 ;; This function uses a non-reentrant model
   750 ;;
   751                           
   752     036C                     _env_bit1:	
   753                           ;psect for function _env_bit1
   754                           
   755     036C                     l704:	
   756                           ;incstack = 0
   757                           ; Regs used in _env_bit1: [wreg]
   758                           
   759                           
   760                           ;main_TX.c: 53:     GP5 = 0;
   761     036C  1283               	bcf	3,5	;RP0=0, select bank0
   762     036D  1285               	bcf	5,5	;volatile
   763     036E                     l706:
   764                           
   765                           ;main_TX.c: 54:     _delay((unsigned long)((2 * 500)*(4000000/4000000.0)));
   766     036E  30C7               	movlw	199
   767     036F  00A0               	movwf	??_env_bit1
   768     0370                     u147:
   769     0370  2B71               	nop2
   770     0371  0BA0               	decfsz	??_env_bit1,f
   771     0372  2B70               	goto	u147
   772     0373  2B74               	nop2
   773     0374  2B75               	nop2
   774     0375                     l708:
   775                           
   776                           ;main_TX.c: 55:     GP5 = 1;
   777     0375  1283               	bcf	3,5	;RP0=0, select bank0
   778     0376  1685               	bsf	5,5	;volatile
   779                           
   780                           ;main_TX.c: 56:     _delay((unsigned long)((500)*(4000000/4000000.0)));
   781     0377  30A6               	movlw	166
   782     0378  00A0               	movwf	??_env_bit1
   783     0379                     u157:
   784     0379  0BA0               	decfsz	??_env_bit1,f
   785     037A  2B79               	goto	u157
   786     037B  0000               	nop
   787     037C                     l710:
   788                           
   789                           ;main_TX.c: 57:     GP5 = 0;
   790     037C  1283               	bcf	3,5	;RP0=0, select bank0
   791     037D  1285               	bcf	5,5	;volatile
   792     037E                     l35:
   793     037E  0008               	return
   794     037F                     __end_of_env_bit1:
   795                           
   796                           	psect	text6
   797     0359                     __ptext6:	
   798 ;; *************** function _env_bit0 *****************
   799 ;; Defined at:
   800 ;;		line 60 in file "main_TX.c"
   801 ;; Parameters:    Size  Location     Type
   802 ;;		None
   803 ;; Auto vars:     Size  Location     Type
   804 ;;		None
   805 ;; Return value:  Size  Location     Type
   806 ;;                  1    wreg      void 
   807 ;; Registers used:
   808 ;;		wreg
   809 ;; Tracked objects:
   810 ;;		On entry : 0/0
   811 ;;		On exit  : 0/0
   812 ;;		Unchanged: 0/0
   813 ;; Data sizes:     COMMON   BANK0
   814 ;;      Params:         0       0
   815 ;;      Locals:         0       0
   816 ;;      Temps:          0       1
   817 ;;      Totals:         0       1
   818 ;;Total ram usage:        1 bytes
   819 ;; Hardware stack levels used: 1
   820 ;; This function calls:
   821 ;;		Nothing
   822 ;; This function is called by:
   823 ;;		_main
   824 ;; This function uses a non-reentrant model
   825 ;;
   826                           
   827     0359                     _env_bit0:	
   828                           ;psect for function _env_bit0
   829                           
   830     0359                     l712:	
   831                           ;incstack = 0
   832                           ; Regs used in _env_bit0: [wreg]
   833                           
   834                           
   835                           ;main_TX.c: 61:     GP5 = 0;
   836     0359  1283               	bcf	3,5	;RP0=0, select bank0
   837     035A  1285               	bcf	5,5	;volatile
   838     035B                     l714:
   839                           
   840                           ;main_TX.c: 62:     _delay((unsigned long)((500)*(4000000/4000000.0)));
   841     035B  30A6               	movlw	166
   842     035C  00A0               	movwf	??_env_bit0
   843     035D                     u167:
   844     035D  0BA0               	decfsz	??_env_bit0,f
   845     035E  2B5D               	goto	u167
   846     035F  0000               	nop
   847     0360                     l716:
   848                           
   849                           ;main_TX.c: 63:     GP5 = 1;
   850     0360  1283               	bcf	3,5	;RP0=0, select bank0
   851     0361  1685               	bsf	5,5	;volatile
   852                           
   853                           ;main_TX.c: 64:     _delay((unsigned long)((2 * 500)*(4000000/4000000.0)));
   854     0362  30C7               	movlw	199
   855     0363  00A0               	movwf	??_env_bit0
   856     0364                     u177:
   857     0364  2B65               	nop2
   858     0365  0BA0               	decfsz	??_env_bit0,f
   859     0366  2B64               	goto	u177
   860     0367  2B68               	nop2
   861     0368  2B69               	nop2
   862     0369                     l718:
   863                           
   864                           ;main_TX.c: 65:     GP5 = 0;
   865     0369  1283               	bcf	3,5	;RP0=0, select bank0
   866     036A  1285               	bcf	5,5	;volatile
   867     036B                     l38:
   868     036B  0008               	return
   869     036C                     __end_of_env_bit0:
   870     0000                     ___latbits      equ	0
   871     005E                     btemp           set	94	;btemp
   872     005E                     btemp0          set	94
   873     005F                     btemp1          set	95
   874     005E                     wtemp0          set	94
   875     005F                     wtemp0a         set	95
   876     005F                     ttemp0a         set	95
   877     0060                     ltemp0a         set	96
   878                           
   879                           	psect	config
   880                           
   881                           ;Config register CONFIG @ 0x2007
   882                           ;	Oscillator Selection bits
   883                           ;	FOSC = INTRCIO, INTOSC oscillator: I/O function on GP4/OSC2/CLKOUT pin, I/O function o
      +                          n GP5/OSC1/CLKIN
   884                           ;	Watchdog Timer Enable bit
   885                           ;	WDTE = OFF, WDT disabled
   886                           ;	Power-Up Timer Enable bit
   887                           ;	PWRTE = ON, PWRT enabled
   888                           ;	GP3/MCLR pin function select
   889                           ;	MCLRE = OFF, GP3/MCLR pin function is digital I/O, MCLR internally tied to VDD
   890                           ;	Brown-out Detect Enable bit
   891                           ;	BOREN = ON, BOD enabled
   892                           ;	Code Protection bit
   893                           ;	CP = OFF, Program Memory code protection is disabled
   894                           ;	Data Code Protection bit
   895                           ;	CPD = OFF, Data memory code protection is disabled
   896     2007                     	org	8199
   897     2007  31C4               	dw	12740

Data Sizes:
    Strings     0
    Constant    0
    Data        0
    BSS         5
    Persistent  0
    Stack       0

Auto Spaces:
    Space          Size  Autos    Used
    COMMON            0      0       0
    BANK0            62      6      11

Pointer List with Targets:

    None.

Critical Paths under _main in COMMON

    None.

Critical Paths under _main in BANK0

    _main->_shift_right_buffer

Call Graph Tables:

 ---------------------------------------------------------------------------------
 (Depth) Function   	        Calls       Base Space   Used Autos Params    Refs
 ---------------------------------------------------------------------------------
 (0) _main                                                 3     3      0     180
                                              3 BANK0      3     3      0
                           _env_bit0
                           _env_bit1
                        _init_system
                    _read_adc_manual
                 _shift_right_buffer
                          _start_bit
 ---------------------------------------------------------------------------------
 (1) _start_bit                                            1     1      0       0
                                              0 BANK0      1     1      0
 ---------------------------------------------------------------------------------
 (1) _shift_right_buffer                                   3     3      0     105
                                              0 BANK0      3     3      0
 ---------------------------------------------------------------------------------
 (1) _read_adc_manual                                      2     2      0      29
                                              0 BANK0      2     2      0
 ---------------------------------------------------------------------------------
 (1) _init_system                                          0     0      0       0
 ---------------------------------------------------------------------------------
 (1) _env_bit1                                             1     1      0       0
                                              0 BANK0      1     1      0
 ---------------------------------------------------------------------------------
 (1) _env_bit0                                             1     1      0       0
                                              0 BANK0      1     1      0
 ---------------------------------------------------------------------------------
 Estimated maximum stack depth 1
 ---------------------------------------------------------------------------------

 Call Graph Graphs:

 _main (ROOT)
   _env_bit0
   _env_bit1
   _init_system
   _read_adc_manual
   _shift_right_buffer
   _start_bit

Address spaces:
Name               Size   Autos  Total    Usage
BITCOMMON            0      0       0      0.0%
BITBANK0            62      0       0      0.0%
COMMON               0      0       0      0.0%
BANK0               62      6      11     17.7%
STACK                0      0       0      0.0%
DATA                 0      0      11      0.0%


Microchip Technology PIC Macro Assembler V3.10 build 20250813170317 
Symbol Table                                                                                   Thu May 21 22:14:47 2026

                        l32 03BC                          l41 0346                          l50 0399  
                        l35 037E                          l44 0358                          l38 036B  
                        l47 0394                          l56 03DC                          u10 03B0  
                        u11 03AF                          u20 03BC                          u21 03BB  
                        u80 0398                          u81 0397                          u90 03E0  
                        u75 0384                          u91 03DF                         l620 03B0  
                       l710 037C                         l622 03B4                         l614 039E  
                       l606 039A                         l712 0359                         l704 036C  
                       l624 03B6                         l616 03A4                         l608 039C  
                       l720 033D                         l714 035B                         l706 036E  
                       l650 0347                         l730 0392                         l626 03B8  
                       l618 03A6                         l722 033F                         l716 0360  
                       l708 0375                         l652 0356                         l732 0398  
                       l724 0344                         l740 03C0                         l718 0369  
                       l726 0381                         l750 03CE                         l742 03C2  
                       l728 038D                         l752 03D0                         l744 03C4  
                       l736 03BD                         l770 03E4                         l754 03D7  
                       l746 03C8                         l738 03BE                         l772 03E7  
                       l764 03E0                         l756 03D9                         l748 03CA  
                       l774 03ED                         l766 03E2                         l758 03DA  
                       l768 03E3                         _GP0 0028                         _GP5 002D  
                       u100 03ED                         u101 03EC                         u117 03F1  
                       u127 0341                         u137 038F                         u147 0370  
                       u157 0379                         u167 035D                         u177 0364  
                       _WPU 0095                         fsr0 0004                         indf 0000  
                      _GPIO 0005                        _main 03BD                        btemp 005E  
                      start 0000                       ?_main 0020                       _CMCON 0019  
   shift_right_buffer@carry 0020                       _ANSEL 009F                ?_init_system 0020  
                     btemp0 005E                       btemp1 005F                       main@a 0025  
                     status 0003                       wtemp0 005E             __initialization 03F7  
              __end_of_main 03F7                      ??_main 0023                      _ADCON0 001F  
                    _ADRESH 001E                      _TRISIO 0085            __end_of_env_bit0 036C  
          __end_of_env_bit1 037F                      _buffer 0026                      ltemp0a 0060  
                    ttemp0a 005F                      wtemp0a 005F             _read_adc_manual 037F  
   __end_of__initialization 03FD              __pcstackCOMMON 0000  __end_of_shift_right_buffer 03BD  
            _OPTION_REGbits 0081                  __pbssBANK0 0026                  __pmaintext 03BD  
   __end_of_read_adc_manual 039A                   ?_env_bit0 0020                   ?_env_bit1 0020  
                   __ptext1 033D                     __ptext2 039A                     __ptext3 037F  
                   __ptext4 0347                     __ptext5 036C                     __ptext6 0359  
      end_of_initialization 03FD                  ??_env_bit0 0020                  ??_env_bit1 0020  
         __end_of_start_bit 0347            ?_read_adc_manual 0020      shift_right_buffer@next 0021  
       start_initialization 03F7         shift_right_buffer@i 0022          _shift_right_buffer 039A  
       ?_shift_right_buffer 0020        ??_shift_right_buffer 0000                   ___latbits 0000  
             __pcstackBANK0 0020               ??_init_system 0000         __end_of_init_system 0359  
                  _GO_nDONE 00F9                   _start_bit 033D                  ?_start_bit 0020  
               _init_system 0347                    _env_bit0 0359                    _env_bit1 036C  
    read_adc_manual@channel 0021                 ??_start_bit 0020           ??_read_adc_manual 0020  
