Microchip MPLAB XC8 Compiler V3.10

Linker command line:

-W-3 \
  --edf=C:\Program Files\Microchip\xc8\v3.10\pic\dat\20250813170317_en.msgs \
  -cn -h+dist/default/production\Projeto_Jader_TX.X.production.sym \
  --cmf=dist/default/production\Projeto_Jader_TX.X.production.cmf -z \
  -Q12F675 -oC:\Users\arthu\AppData\Local\Temp\xcBs1o0.1\driver_tmp_3.o \
  --defsym=__MPLAB_BUILD=1 --fixupoverflow=error \
  -Mdist/default/production/Projeto_Jader_TX.X.production.map \
  --md=C:\Users\arthu\AppData\Local\Temp\xcBs1o0.1\driver_tmp_0.dat -E1 \
  -ver=XC8 Compiler -ACODE=00h-03FEh -ASTRCODE=00h-03FEh \
  -ASTRING=00h-0FFhx3,0300h-03FEh -ACONST=00h-0FFhx3,0300h-03FEh \
  -AENTRY=00h-0FFhx3,0300h-03FEh -ABANK0=020h-05Dh -ARAM=020h-05Dh \
  -AABS1=020h-05Fh -ACOMMON=05Eh-05Fh -ASFR0=00h-01Fh -ASFR1=080h-0DDh \
  -ACONFIG=02007h-02007h -DCONFIG=2 -AIDLOC=02000h-02003h -DIDLOC=2 \
  -AEEDATA=00h-07Fh/02100h -peeprom_data=EEDATA -DEEDATA=2 -DCODE=2 \
  -DSTRCODE=2 -DSTRING=2 -DCONST=2 -DENTRY=2 \
  -preset_vec=00h,intentry,sivt,init,end_init -ppowerup=CODE -pcinit=CODE \
  -pfunctab=ENTRY -posccal=03FFh -k \
  C:\Users\arthu\AppData\Local\Temp\xcBs1o0.1\driver_tmp_12.o \
  dist/default/production\Projeto_Jader_TX.X.production.o 

Object code version is 3.11

Machine type is 12F675



                Name                               Link     Load   Length Selector   Space Scale
C:\Users\arthu\AppData\Local\Temp\xcBs1o0.1\driver_tmp_12.o
                end_init                              0        0        1        0       0
                config                             2007     2007        1        0       4
dist/default/production\Projeto_Jader_TX.X.production.o
                cinit                               3F6      3F6        9      7EC       0
                config                             2007     2007        1        0       4
                text12                              31D      31D       64      63A       0
                text11                              268      268        7      4D0       0
                text10                              2CC      2CC       1C      598       0
                text9                               263      263        5      4C6       0
                text8                               26F      26F        7      4DE       0
                text7                               276      276        7      4EC       0
                text6                               27D      27D        7      4FA       0
                text5                               2B6      2B6       16      56C       0
                text4                               294      294       11      528       0
                text3                               2A5      2A5       11      54A       0
                text2                               284      284       10      508       0
                text1                               2E8      2E8       35      5D0       0
                maintext                            381      381       75      702       0
                cstackBANK0                          20       20        C       20       1
                dataBANK0                            2F       2F        2       20       1
                bssBANK0                             2C       2C        3       20       1
                idataBANK0                          261      261        2      4C2       0

TOTAL           Name                               Link     Load   Length     Space
        CLASS   CODE           
                end_init                              0        0        1         0
                cinit                               3F6      3F6        9         0
                text12                              31D      31D       64         0
                text11                              268      268        7         0
                text10                              2CC      2CC       1C         0
                text9                               263      263        5         0
                text8                               26F      26F        7         0
                text7                               276      276        7         0
                text6                               27D      27D        7         0
                text5                               2B6      2B6       16         0
                text4                               294      294       11         0
                text3                               2A5      2A5       11         0
                text2                               284      284       10         0
                text1                               2E8      2E8       35         0
                maintext                            381      381       75         0
                idataBANK0                          261      261        2         0

        CLASS   STRCODE        

        CLASS   STRING         

        CLASS   CONST          

        CLASS   ENTRY          

        CLASS   BANK0          
                cstackBANK0                          20       20        C         1
                dataBANK0                            2F       2F        2         1
                bssBANK0                             2C       2C        3         1

        CLASS   RAM            

        CLASS   ABS1           
                abs_s1                               5E       5E        2         1

        CLASS   COMMON         

        CLASS   SFR0           

        CLASS   SFR1           

        CLASS   CONFIG         
                config                             2007     2007        1         4

        CLASS   IDLOC          

        CLASS   EEDATA         

        CLASS   BANK1          

        CLASS   HEAP           

        CLASS   STACK          



SEGMENTS        Name                           Load    Length   Top    Selector   Space  Class     Delta

                reset_vec                      000000  000001  000001         0       0  CODE        2
                cstackBANK0                    000020  000011  000031        20       1  BANK0       1
                idataBANK0                     000261  000002  000263       4C2       0  CODE        2
                text9                          000263  000005  000268       4C6       0  CODE        2
                text11                         000268  000007  00026F       4D0       0  CODE        2
                text8                          00026F  000007  000276       4DE       0  CODE        2
                text7                          000276  000007  00027D       4EC       0  CODE        2
                text6                          00027D  000007  000284       4FA       0  CODE        2
                text2                          000284  000010  000294       508       0  CODE        2
                text4                          000294  000011  0002A5       528       0  CODE        2
                text3                          0002A5  000011  0002B6       54A       0  CODE        2
                text5                          0002B6  000016  0002CC       56C       0  CODE        2
                text10                         0002CC  00001C  0002E8       598       0  CODE        2
                text1                          0002E8  000035  00031D       5D0       0  CODE        2
                text12                         00031D  000064  000381       63A       0  CODE        2
                maintext                       000381  000075  0003F6       702       0  CODE        2
                cinit                          0003F6  000009  0003FF       7EC       0  CODE        2


UNUSED ADDRESS RANGES

        Name                Unused          Largest block    Delta
        BANK0            0031-005D             2D           1
        CODE             0001-0260            260           2
        CONST            0001-0260            100           2
        EEDATA           2100-217F             80           2
        ENTRY            0001-0260            100           2
        IDLOC            2000-2003              4           2
        RAM              0031-005D             2D           1
        SFR0             0000-001F             20           1
        SFR1             0080-00DD             5E           1
        STRCODE          0001-0260            260           2
        STRING           0001-0260            100           2

                                  Symbol Table

?___awdiv                cstackBANK0  0020
_ADCON0                  (abs)        001F
_ADRESH                  (abs)        001E
_ANSEL                   (abs)        009F
_CMCON                   (abs)        0019
_GO_nDONE                (abs)        00F9
_GP2                     (abs)        002A
_GP4                     (abs)        002C
_GPIO                    (abs)        0005
_OPTION_REGbits          (abs)        0081
_OSCCAL                  (abs)        0090
_TRISIO                  (abs)        0085
_WPUbits                 (abs)        0095
__H__absolute__          __absolute__ 0000
__Habs1                  abs1         07FE
__Hbank0                 bank0        07FE
__Hbank1                 bank1        07FE
__HbssBANK0              bssBANK0     07FE
__Hcinit                 cinit        03FF
__Hclrtext               clrtext      07FE
__Hcode                  code         07FE
__Hcommon                common       07FE
__Hconfig                config       2008
__HcstackBANK0           cstackBANK0  07FE
__HcstackCOMMON          cstackCOMMON 07FE
__HdataBANK0             dataBANK0    07FE
__Heeprom_data           eeprom_data  0000
__Hend_init              end_init     0001
__Hfunctab               functab      0000
__Hheap                  heap         07FE
__HidataBANK0            idataBANK0   07FE
__Hinit                  init         0000
__Hintentry              intentry     0000
__Hmaintext              maintext     07FE
__Hosccal                osccal       03FF
__Hpowerup               powerup      0000
__Hram                   ram          07FE
__Hreset_vec             reset_vec    0000
__Hsfr0                  sfr0         07FE
__Hsfr1                  sfr1         07FE
__Hsivt                  sivt         0000
__Hspace_0               (abs)        07FE
__Hspace_1               (abs)        07FE
__Hspace_2               (abs)        07FE
__Hspace_3               (abs)        0000
__Hspace_4               (abs)        400F
__Hstack                 stack        07FE
__Hstrings               strings      07FE
__Htext                  text         07FE
__L__absolute__          __absolute__ 0000
__Labs1                  abs1         07FE
__Lbank0                 bank0        07FE
__Lbank1                 bank1        07FE
__LbssBANK0              bssBANK0     07FE
__Lcinit                 cinit        03F6
__Lclrtext               clrtext      07FE
__Lcode                  code         07FE
__Lcommon                common       07FE
__Lconfig                config       0000
__LcstackBANK0           cstackBANK0  07FE
__LcstackCOMMON          cstackCOMMON 07FE
__LdataBANK0             dataBANK0    07FE
__Leeprom_data           eeprom_data  0000
__Lend_init              end_init     0000
__Lfunctab               functab      0000
__Lheap                  heap         07FE
__LidataBANK0            idataBANK0   07FE
__Linit                  init         0000
__Lintentry              intentry     0000
__Lmaintext              maintext     07FE
__Losccal                osccal       03FF
__Lpowerup               powerup      0000
__Lram                   ram          07FE
__Lreset_vec             reset_vec    0000
__Lsfr0                  sfr0         07FE
__Lsfr1                  sfr1         07FE
__Lsivt                  sivt         0000
__Lspace_0               (abs)        0000
__Lspace_1               (abs)        0000
__Lspace_2               (abs)        0000
__Lspace_3               (abs)        0000
__Lspace_4               (abs)        0000
__Lstack                 stack        07FE
__Lstrings               strings      07FE
__Ltext                  text         07FE
__S0                     (abs)        03FF
__S1                     (abs)        0031
__S3                     (abs)        0000
___awdiv                 text12       031D
___awdiv@counter         cstackBANK0  0024
___awdiv@dividend        cstackBANK0  0022
___awdiv@divisor         cstackBANK0  0020
___awdiv@quotient        cstackBANK0  0026
___awdiv@sign            cstackBANK0  0025
___heap_hi               (abs)        0000
___heap_lo               (abs)        0000
___int_sp                stack        07FE
___int_stack_hi          stack        07FE
___int_stack_lo          stack        07FE
___latbits               (abs)        0000
___osccal_val            osccal       03FF
___sp                    stack        07FE
___stack_hi              stack        07FE
___stack_lo              stack        07FE
___stackhi               (abs)        0000
___stacklo               (abs)        0000
__end_of___awdiv         text12       0381
__end_of__initialization cinit        03FD
__end_of_adc_init        text11       026F
__end_of_adc_read        text10       02E8
__end_of_button          text1        031D
__end_of_checksum        text9        0268
__end_of_envia_0         text7        027D
__end_of_envia_1         text6        0284
__end_of_envia_byte      text5        02CC
__end_of_envia_pacote    text2        0294
__end_of_main            maintext     03F6
__end_of_preambulo       text4        02A5
__end_of_start_rf        text3        02B6
__end_of_tempo           text8        0276
__initialization         cinit        03F6
__pbssBANK0              bssBANK0     002C
__pcstackBANK0           cstackBANK0  0020
__pcstackCOMMON          cstackCOMMON 0000
__pdataBANK0             dataBANK0    002F
__pidataBANK0            idataBANK0   0261
__pmaintext              maintext     0381
__ptext1                 text1        02E8
__ptext10                text10       02CC
__ptext11                text11       0268
__ptext12                text12       031D
__ptext2                 text2        0284
__ptext3                 text3        02A5
__ptext4                 text4        0294
__ptext5                 text5        02B6
__ptext6                 text6        027D
__ptext7                 text7        0276
__ptext8                 text8        026F
__ptext9                 text9        0263
_adc_init                text11       0268
_adc_read                text10       02CC
_button                  text1        02E8
_checksum                text9        0263
_envia_0                 text7        0276
_envia_1                 text6        027D
_envia_byte              text5        02B6
_envia_pacote            text2        0284
_flag                    bssBANK0     002C
_main                    maintext     0381
_preambulo               text4        0294
_start_rf                text3        02A5
_tempo                   text8        026F
_valor_x                 bssBANK0     002E
_valor_y                 bssBANK0     002D
adc_read@channel         cstackBANK0  0021
btemp                    (abs)        005E
btemp0                   (abs)        005E
btemp1                   (abs)        005F
button@i                 cstackBANK0  0026
checksum@d               cstackBANK0  0020
end_of_initialization    cinit        03FD
envia_byte@dado          cstackBANK0  0021
envia_byte@i             cstackBANK0  0022
envia_pacote@comando     cstackBANK0  0023
intlevel0                functab      0000
intlevel1                functab      0000
intlevel2                functab      0000
intlevel3                functab      0000
intlevel4                functab      0000
intlevel5                functab      0000
ltemp0a                  (abs)        0060
main@pulso_x             cstackBANK0  002A
main@pulso_y             cstackBANK0  002B
main@ultimo_x            dataBANK0    0030
main@ultimo_y            dataBANK0    002F
preambulo@i              cstackBANK0  0021
reset_vec                reset_vec    0000
start                    init         0000
start_initialization     cinit        03F6
ttemp0a                  (abs)        005F
wtemp0                   (abs)        005E
wtemp0a                  (abs)        005F


MODULE INFORMATION

Module		Function		Class		Link	Load	Size
TX.c
		_main          		CODE           	0381	0000	117
		_button        		CODE           	02E8	0000	53
		_adc_read      		CODE           	02CC	0000	28
		_adc_init      		CODE           	0268	0000	7

TX.c estimated size: 205

C:\Program Files\Microchip\xc8\v3.10\pic\sources\c99\common\awdiv.c
		___awdiv       		CODE           	031D	0000	100

C:\Program Files\Microchip\xc8\v3.10\pic\sources\c99\common\awdiv.c estimated size: 100

shared
		__initialization		CODE           	03F6	0000	7

shared estimated size: 7

rf433.c
		_envia_0       		CODE           	0276	0000	7
		_envia_pacote  		CODE           	0284	0000	16
		_preambulo     		CODE           	0294	0000	17
		_envia_byte    		CODE           	02B6	0000	22
		_checksum      		CODE           	0263	0000	5
		_envia_1       		CODE           	027D	0000	7
		_start_rf      		CODE           	02A5	0000	17
		_tempo         		CODE           	026F	0000	7

rf433.c estimated size: 98

