Microchip MPLAB XC8 Compiler V3.10

Linker command line:

-W-3 \
  --edf=C:\Program Files\Microchip\xc8\v3.10\pic\dat\20250813170317_en.msgs \
  -cn -h+dist/default/production\PWM_2CH_RX.X.production.sym \
  --cmf=dist/default/production\PWM_2CH_RX.X.production.cmf -z -Q12F629 \
  -oC:\Users\arthu\AppData\Local\Temp\xcAsn00.0\driver_tmp_3.o \
  --defsym=__MPLAB_BUILD=1 --fixupoverflow=error \
  -Mdist/default/production/PWM_2CH_RX.X.production.map \
  --md=C:\Users\arthu\AppData\Local\Temp\xcAsn00.0\driver_tmp_0.dat -E1 \
  -ver=XC8 Compiler -ACODE=00h-03FEh -ASTRCODE=00h-03FEh \
  -ASTRING=00h-0FFhx3,0300h-03FEh -ACONST=00h-0FFhx3,0300h-03FEh \
  -AENTRY=00h-0FFhx3,0300h-03FEh -ABANK0=020h-05Dh -ARAM=020h-05Dh \
  -AABS1=020h-05Fh -ACOMMON=05Eh-05Fh -ASFR0=00h-01Fh -ASFR1=080h-0DDh \
  -ACONFIG=02007h-02007h -DCONFIG=2 -AIDLOC=02000h-02003h -DIDLOC=2 \
  -AEEDATA=00h-07Fh/02100h -peeprom_data=EEDATA -DEEDATA=2 -DCODE=2 \
  -DSTRCODE=2 -DSTRING=2 -DCONST=2 -DENTRY=2 \
  -preset_vec=00h,intentry=04h,sivt,init,end_init -ppowerup=CODE \
  -pcinit=CODE -pfunctab=ENTRY -posccal=03FFh -k \
  C:\Users\arthu\AppData\Local\Temp\xcAsn00.0\driver_tmp_12.o \
  dist/default/production\PWM_2CH_RX.X.production.o 

Object code version is 3.11

Machine type is 12F629



                Name                               Link     Load   Length Selector   Space Scale
C:\Users\arthu\AppData\Local\Temp\xcAsn00.0\driver_tmp_12.o
                end_init                              B        B        1        8       0
                reset_vec                             0        0        1        0       0
                config                             2007     2007        1        0       4
dist/default/production\PWM_2CH_RX.X.production.o
                cinit                                 C        C        7        8       0
                intentry                              4        4        7        8       0
                config                             2007     2007        1        0       4
                text4                                7A       7A       3A        8       0
                text3                                D9       D9       24        8       0
                text2                               105      105        5        8       0
                text1                                B4       B4       25        8       0
                maintext                             13       13       67        8       0
                cstackBANK0                          2C       2C        9       20       1
                clrtext                              FD       FD        8        8       0
                bssBANK0                             20       20        C       20       1
                nvBANK0                              35       35        1       20       1

TOTAL           Name                               Link     Load   Length     Space
        CLASS   CODE           
                end_init                              B        B        1         0
                cinit                                 C        C        7         0
                intentry                              4        4        7         0
                reset_vec                             0        0        1         0
                text4                                7A       7A       3A         0
                text3                                D9       D9       24         0
                text2                               105      105        5         0
                text1                                B4       B4       25         0
                maintext                             13       13       67         0
                clrtext                              FD       FD        8         0

        CLASS   STRCODE        

        CLASS   STRING         

        CLASS   CONST          

        CLASS   ENTRY          

        CLASS   BANK0          
                cstackBANK0                          2C       2C        9         1
                bssBANK0                             20       20        C         1
                nvBANK0                              35       35        1         1

        CLASS   RAM            

        CLASS   ABS1           
                abs_s1                               5E       5E        2         1

        CLASS   COMMON         

        CLASS   SFR0           

        CLASS   SFR1           

        CLASS   CONFIG         
                config                             2007     2007        1         4

        CLASS   IDLOC          

        CLASS   EEDATA         

        CLASS   BANK1          

        CLASS   HEAP           

        CLASS   STACK          



SEGMENTS        Name                           Load    Length   Top    Selector   Space  Class     Delta

                reset_vec                      000000  000001  000001         0       0  CODE        2
                intentry                       000004  000106  00010A         8       0  CODE        2
                bssBANK0                       000020  000016  000036        20       1  BANK0       1


UNUSED ADDRESS RANGES

        Name                Unused          Largest block    Delta
        BANK0            0036-005D             28           1
        CODE             0001-0003              3           2
                         010A-03FE            2F5
        CONST            0001-0003              3           2
                         010A-03FE            100
        EEDATA           2100-217F             80           2
        ENTRY            0001-0003              3           2
                         010A-03FE            100
        IDLOC            2000-2003              4           2
        RAM              0036-005D             28           1
        SFR0             0000-001F             20           1
        SFR1             0080-00DD             5E           1
        STRCODE          0001-0003              3           2
                         010A-03FE            2F5
        STRING           0001-0003              3           2
                         010A-03FE            100

                                  Symbol Table

_CMCON                      (abs)        0019
_GIE                        (abs)        005F
_GP2                        (abs)        002A
_GP3                        (abs)        002B
_GP4                        (abs)        002C
_GPIO                       (abs)        0005
_OPTION_REG                 (abs)        0081
_PEIE                       (abs)        005E
_T1CON                      (abs)        0010
_TMR0                       (abs)        0001
_TMR0IE                     (abs)        005D
_TMR0IF                     (abs)        005A
_TMR1H                      (abs)        000F
_TMR1IE                     (abs)        0460
_TMR1IF                     (abs)        0060
_TMR1L                      (abs)        000E
_TRISIO                     (abs)        0085
__H__absolute__             __absolute__ 0000
__Habs1                     abs1         07FE
__Hbank0                    bank0        07FE
__Hbank1                    bank1        07FE
__HbssBANK0                 bssBANK0     07FE
__Hcinit                    cinit        0013
__Hclrtext                  clrtext      07FE
__Hcode                     code         07FE
__Hcommon                   common       07FE
__Hconfig                   config       2008
__HcstackBANK0              cstackBANK0  07FE
__HcstackCOMMON             cstackCOMMON 07FE
__Heeprom_data              eeprom_data  0000
__Hend_init                 end_init     000C
__Hfunctab                  functab      0000
__Hheap                     heap         07FE
__Hinit                     init         000B
__Hintentry                 intentry     000B
__Hmaintext                 maintext     07FE
__HnvBANK0                  nvBANK0      07FE
__Hosccal                   osccal       03FF
__Hpowerup                  powerup      0000
__Hram                      ram          07FE
__Hreset_vec                reset_vec    0001
__Hsfr0                     sfr0         07FE
__Hsfr1                     sfr1         07FE
__Hsivt                     sivt         000B
__Hspace_0                  (abs)        07FE
__Hspace_1                  (abs)        07FE
__Hspace_2                  (abs)        07FE
__Hspace_3                  (abs)        0000
__Hspace_4                  (abs)        400F
__Hstack                    stack        07FE
__Hstrings                  strings      07FE
__Htext                     text         07FE
__L__absolute__             __absolute__ 0000
__Labs1                     abs1         07FE
__Lbank0                    bank0        07FE
__Lbank1                    bank1        07FE
__LbssBANK0                 bssBANK0     07FE
__Lcinit                    cinit        000C
__Lclrtext                  clrtext      07FE
__Lcode                     code         07FE
__Lcommon                   common       07FE
__Lconfig                   config       0000
__LcstackBANK0              cstackBANK0  07FE
__LcstackCOMMON             cstackCOMMON 07FE
__Leeprom_data              eeprom_data  0000
__Lend_init                 end_init     000B
__Lfunctab                  functab      0000
__Lheap                     heap         07FE
__Linit                     init         000B
__Lintentry                 intentry     0004
__Lmaintext                 maintext     07FE
__LnvBANK0                  nvBANK0      07FE
__Losccal                   osccal       03FF
__Lpowerup                  powerup      0000
__Lram                      ram          07FE
__Lreset_vec                reset_vec    0000
__Lsfr0                     sfr0         07FE
__Lsfr1                     sfr1         07FE
__Lsivt                     sivt         000B
__Lspace_0                  (abs)        0000
__Lspace_1                  (abs)        0000
__Lspace_2                  (abs)        0000
__Lspace_3                  (abs)        0000
__Lspace_4                  (abs)        0000
__Lstack                    stack        07FE
__Lstrings                  strings      07FE
__Ltext                     text         07FE
__S0                        (abs)        010A
__S1                        (abs)        0036
__S3                        (abs)        0000
___heap_hi                  (abs)        0000
___heap_lo                  (abs)        0000
___int_sp                   stack        07FE
___int_stack_hi             stack        07FE
___int_stack_lo             stack        07FE
___latbits                  (abs)        0000
___osccal_val               osccal       03FF
___sp                       stack        07FE
___stack_hi                 stack        07FE
___stack_lo                 stack        07FE
___stackhi                  (abs)        0000
___stacklo                  (abs)        0000
__end_of__initialization    cinit        0011
__end_of_init_system        text3        00FD
__end_of_isr                text4        00B4
__end_of_main               maintext     007A
__end_of_reset_rx           text2        010A
__end_of_shift_right_buffer text1        00D9
__initialization            cinit        000C
__pbssBANK0                 bssBANK0     0020
__pcstackBANK0              cstackBANK0  002C
__pcstackCOMMON             cstackCOMMON 0000
__pintentry                 intentry     0004
__pmaintext                 maintext     0013
__pnvBANK0                  nvBANK0      0035
__ptext1                    text1        00B4
__ptext2                    text2        0105
__ptext3                    text3        00D9
__ptext4                    text4        007A
_botoes                     bssBANK0     0025
_buffer                     bssBANK0     0020
_flags                      bssBANK0     002B
_flags1                     bssBANK0     002A
_hc                         bssBANK0     0029
_init_system                text3        00D9
_isr                        text4        007A
_lc                         bssBANK0     0028
_main                       maintext     0013
_qb                         nvBANK0      0035
_reset_rx                   text2        0105
_shift_right_buffer         text1        00B4
_vp1                        bssBANK0     0027
_vp2                        bssBANK0     0026
btemp                       (abs)        005E
btemp0                      (abs)        005E
btemp1                      (abs)        005F
clear_ram0                  clrtext      00FD
end_of_initialization       cinit        0011
interrupt_function          intentry     0004
intlevel0                   functab      0000
intlevel1                   functab      0000
intlevel2                   functab      0000
intlevel3                   functab      0000
intlevel4                   functab      0000
intlevel5                   functab      0000
ltemp0a                     (abs)        0060
main@checksum               cstackBANK0  0034
reset_vec                   reset_vec    0000
saved_w                     (abs)        005E
shift_right_buffer@bit_in   cstackBANK0  002E
shift_right_buffer@carry    cstackBANK0  002F
shift_right_buffer@i        cstackBANK0  0031
shift_right_buffer@next     cstackBANK0  0030
start                       init         000B
start_initialization        cinit        000C
ttemp0a                     (abs)        005F
wtemp0                      (abs)        005E
wtemp0a                     (abs)        005F


MODULE INFORMATION

Module		Function		Class		Link	Load	Size
main_RX.c
		_reset_rx      		CODE           	0105	0000	5
		_init_system   		CODE           	00D9	0000	36
		_main          		CODE           	0013	0000	103
		_shift_right_buffer		CODE           	00B4	0000	37
		_isr           		CODE           	007A	0000	58

main_RX.c estimated size: 239

shared
		__initialization		CODE           	000C	0000	5

shared estimated size: 5

