Microchip MPLAB XC8 Compiler V3.10

Linker command line:

-W-3 \
  --edf=C:\Program Files\Microchip\xc8\v3.10\pic\dat\20250813170317_en.msgs \
  -cn -h+dist/default/production\Porjeto_Jader_V1.X.production.sym \
  --cmf=dist/default/production\Porjeto_Jader_V1.X.production.cmf -z \
  -Q16F628A -oC:\Users\arthu\AppData\Local\Temp\xcAsfgk.0\driver_tmp_3.o \
  --defsym=__MPLAB_BUILD=1 --fixupoverflow=error \
  -Mdist/default/production/Porjeto_Jader_V1.X.production.map \
  --md=C:\Users\arthu\AppData\Local\Temp\xcAsfgk.0\driver_tmp_0.dat -E1 \
  -ver=XC8 Compiler -ACODE=00h-07FFh -ASTRCODE=00h-07FFh \
  -ASTRING=00h-0FFhx8 -ACONST=00h-0FFhx8 -AENTRY=00h-0FFhx8 \
  -ACOMMON=070h-07Fh -ABANK0=020h-06Fh -ABANK1=0A0h-0EFh \
  -ABANK2=0120h-014Fh -ARAM=020h-06Fh,0A0h-0EFh,0120h-014Fh \
  -AABS1=020h-07Fh,0A0h-0EFh,0120h-014Fh -ASFR0=00h-01Fh -ASFR1=080h-09Fh \
  -ASFR2=0100h-011Fh -ASFR3=0180h-01EFh -ACONFIG=02007h-02007h -DCONFIG=2 \
  -AIDLOC=02000h-02003h -DIDLOC=2 -AEEDATA=00h-07Fh/02100h \
  -peeprom_data=EEDATA -DEEDATA=2 -DCODE=2 -DSTRCODE=2 -DSTRING=2 -DCONST=2 \
  -DENTRY=2 -preset_vec=00h,intentry=04h,sivt,init,end_init -ppowerup=CODE \
  -pcinit=CODE -pfunctab=ENTRY -k \
  C:\Users\arthu\AppData\Local\Temp\xcAsfgk.0\driver_tmp_12.o \
  dist/default/production\Porjeto_Jader_V1.X.production.o 

Object code version is 3.11

Machine type is 16F628A



                Name                               Link     Load   Length Selector   Space Scale
C:\Users\arthu\AppData\Local\Temp\xcAsfgk.0\driver_tmp_12.o
                end_init                              A        A        1        8       0
                reset_vec                             0        0        1        0       0
                config                             2007     2007        1        0       4
dist/default/production\Porjeto_Jader_V1.X.production.o
                cinit                                 B        B       10        8       0
                intentry                              4        4        6        8       0
                config                             2007     2007        1        0       4
                text6                                EB       EB       36        8       0
                text5                               15C      15C        5        8       0
                text4                               121      121       16        8       0
                text3                               147      147        D        8       0
                text2                               154      154        8        8       0
                text1                               137      137       10        8       0
                maintext                             1B       1B       D0        8       0
                cstackBANK0                          24       24        4       20       1
                cstackCOMMON                         70       70        6       70       1
                dataBANK0                            20       20        4       20       1
                bssBANK0                             28       28        2       20       1
                bssCOMMON                            76       76        4       70       1
                idataBANK0                          161      161        4        8       0

TOTAL           Name                               Link     Load   Length     Space
        CLASS   CODE           
                end_init                              A        A        1         0
                cinit                                 B        B       10         0
                intentry                              4        4        6         0
                reset_vec                             0        0        1         0
                text6                                EB       EB       36         0
                text5                               15C      15C        5         0
                text4                               121      121       16         0
                text3                               147      147        D         0
                text2                               154      154        8         0
                text1                               137      137       10         0
                maintext                             1B       1B       D0         0
                idataBANK0                          161      161        4         0

        CLASS   STRCODE        

        CLASS   STRING         

        CLASS   CONST          

        CLASS   ENTRY          

        CLASS   COMMON         
                cstackCOMMON                         70       70        6         1
                bssCOMMON                            76       76        4         1

        CLASS   BANK0          
                cstackBANK0                          24       24        4         1
                dataBANK0                            20       20        4         1
                bssBANK0                             28       28        2         1

        CLASS   BANK1          

        CLASS   BANK2          

        CLASS   RAM            

        CLASS   ABS1           
                abs_s1                               7E       7E        2         1

        CLASS   SFR0           

        CLASS   SFR1           

        CLASS   SFR2           

        CLASS   SFR3           

        CLASS   CONFIG         
                config                             2007     2007        1         4

        CLASS   IDLOC          

        CLASS   EEDATA         

        CLASS   BANK3          

        CLASS   HEAP           

        CLASS   STACK          



SEGMENTS        Name                           Load    Length   Top    Selector   Space  Class     Delta

                reset_vec                      000000  000001  000001         0       0  CODE        2
                intentry                       000004  000161  000165         8       0  CODE        2
                dataBANK0                      000020  00000A  00002A        20       1  BANK0       1
                cstackCOMMON                   000070  00000A  00007A        70       1  COMMON      1


UNUSED ADDRESS RANGES

        Name                Unused          Largest block    Delta
        BANK0            002A-006F             46           1
        BANK1            00A0-00EF             50           1
        BANK2            0120-014F             30           1
        CODE             0001-0003              3           2
                         0165-07FF            69B
        COMMON           007A-007D              4           1
        CONST            0001-0003              3           2
                         0165-07FF            100
        EEDATA           2100-217F             80           2
        ENTRY            0001-0003              3           2
                         0165-07FF            100
        IDLOC            2000-2003              4           2
        RAM              002A-006F             46           1
                         00A0-00EF             50
                         0120-014F             30
        SFR0             0000-001F             20           1
        SFR1             0080-009F             20           1
        SFR2             0100-011F             20           1
        SFR3             0180-01EF             70           1
        STRCODE          0001-0003              3           2
                         0165-07FF            69B
        STRING           0001-0003              3           2
                         0165-07FF            100

                                  Symbol Table

_BRGH                      (abs)        04C2
_CMCON                     (abs)        001F
_CREN                      (abs)        00C4
_GIE                       (abs)        005F
_PEIE                      (abs)        005E
_PORTA                     (abs)        0005
_PORTB                     (abs)        0006
_RB3                       (abs)        0033
_RB4                       (abs)        0034
_RCIE                      (abs)        0465
_RCIF                      (abs)        0065
_RCREG                     (abs)        001A
_RX9                       (abs)        00C6
_SPBRG                     (abs)        0099
_SPEN                      (abs)        00C7
_SYNC                      (abs)        04C4
_T1CON                     (abs)        0010
_TMR1H                     (abs)        000F
_TMR1IE                    (abs)        0460
_TMR1IF                    (abs)        0060
_TMR1L                     (abs)        000E
_TRISB                     (abs)        0086
_TXEN                      (abs)        04C5
__H__absolute__            __absolute__ 0000
__Habs1                    abs1         0000
__Hbank0                   bank0        0000
__Hbank1                   bank1        0000
__Hbank2                   bank2        0000
__Hbank3                   bank3        0000
__HbssBANK0                bssBANK0     0000
__HbssCOMMON               bssCOMMON    0000
__Hcinit                   cinit        001B
__Hclrtext                 clrtext      0000
__Hcode                    code         0000
__Hcommon                  common       0000
__Hconfig                  config       2008
__HcstackBANK0             cstackBANK0  0000
__HcstackCOMMON            cstackCOMMON 0000
__HdataBANK0               dataBANK0    0000
__Heeprom_data             eeprom_data  0000
__Hend_init                end_init     000B
__Hfunctab                 functab      0000
__Hheap                    heap         0000
__HidataBANK0              idataBANK0   0000
__Hinit                    init         000A
__Hintentry                intentry     000A
__Hmaintext                maintext     0000
__Hpowerup                 powerup      0000
__Hram                     ram          0000
__Hreset_vec               reset_vec    0001
__Hsfr0                    sfr0         0000
__Hsfr1                    sfr1         0000
__Hsfr2                    sfr2         0000
__Hsfr3                    sfr3         0000
__Hsivt                    sivt         000A
__Hspace_0                 (abs)        0165
__Hspace_1                 (abs)        007A
__Hspace_2                 (abs)        0000
__Hspace_3                 (abs)        0000
__Hspace_4                 (abs)        400F
__Hstack                   stack        0000
__Hstrings                 strings      0000
__Htext                    text         0000
__L__absolute__            __absolute__ 0000
__Labs1                    abs1         0000
__Lbank0                   bank0        0000
__Lbank1                   bank1        0000
__Lbank2                   bank2        0000
__Lbank3                   bank3        0000
__LbssBANK0                bssBANK0     0000
__LbssCOMMON               bssCOMMON    0000
__Lcinit                   cinit        000B
__Lclrtext                 clrtext      0000
__Lcode                    code         0000
__Lcommon                  common       0000
__Lconfig                  config       0000
__LcstackBANK0             cstackBANK0  0000
__LcstackCOMMON            cstackCOMMON 0000
__LdataBANK0               dataBANK0    0000
__Leeprom_data             eeprom_data  0000
__Lend_init                end_init     000A
__Lfunctab                 functab      0000
__Lheap                    heap         0000
__LidataBANK0              idataBANK0   0000
__Linit                    init         000A
__Lintentry                intentry     0004
__Lmaintext                maintext     0000
__Lpowerup                 powerup      0000
__Lram                     ram          0000
__Lreset_vec               reset_vec    0000
__Lsfr0                    sfr0         0000
__Lsfr1                    sfr1         0000
__Lsfr2                    sfr2         0000
__Lsfr3                    sfr3         0000
__Lsivt                    sivt         000A
__Lspace_0                 (abs)        0000
__Lspace_1                 (abs)        0000
__Lspace_2                 (abs)        0000
__Lspace_3                 (abs)        0000
__Lspace_4                 (abs)        0000
__Lstack                   stack        0000
__Lstrings                 strings      0000
__Ltext                    text         0000
__S0                       (abs)        0165
__S1                       (abs)        007A
__S3                       (abs)        0000
___heap_hi                 (abs)        0000
___heap_lo                 (abs)        0000
___int_sp                  stack        0000
___int_stack_hi            stack        0000
___int_stack_lo            stack        0000
___latbits                 (abs)        0000
___sp                      stack        0000
___stack_hi                stack        0000
___stack_lo                stack        0000
___stackhi                 (abs)        0000
___stacklo                 (abs)        0000
__end_of__initialization   cinit        0019
__end_of_isr               text4        0137
__end_of_main              maintext     00EB
__end_of_servo_init        text3        0154
__end_of_servo_set_posicao text2        015C
__end_of_servo_tick_isr    text6        0121
__end_of_uart_init         text1        0147
__end_of_uart_rx_isr       text5        0161
__initialization           cinit        000B
__pbssBANK0                bssBANK0     0028
__pbssCOMMON               bssCOMMON    0076
__pcstackBANK0             cstackBANK0  0024
__pcstackCOMMON            cstackCOMMON 0070
__pdataBANK0               dataBANK0    0020
__pidataBANK0              idataBANK0   0161
__pintentry                intentry     0004
__pmaintext                maintext     001B
__ptext1                   text1        0137
__ptext2                   text2        0154
__ptext3                   text3        0147
__ptext4                   text4        0121
__ptext5                   text5        015C
__ptext6                   text6        00EB
_contador                  bssCOMMON    0076
_dado_rx                   bssCOMMON    0079
_etapa_auto                bssBANK0     0029
_executando                bssCOMMON    0078
_isr                       text4        0121
_main                      maintext     001B
_pos_servo1                dataBANK0    0023
_pos_servo2                dataBANK0    0022
_pulso1                    dataBANK0    0021
_pulso2                    dataBANK0    0020
_servo_init                text3        0147
_servo_set_posicao         text2        0154
_servo_tick_isr            text6        00EB
_trava_botao               bssBANK0     0028
_uart_init                 text1        0137
_uart_rx_isr               text5        015C
btemp                      (abs)        007E
btemp0                     (abs)        007E
btemp1                     (abs)        007F
end_of_initialization      cinit        0019
interrupt_function         intentry     0004
intlevel0                  functab      0000
intlevel1                  functab      0000
intlevel2                  functab      0000
intlevel3                  functab      0000
intlevel4                  functab      0000
intlevel5                  functab      0000
ltemp0a                    (abs)        0080
main@comando               cstackBANK0  0027
reset_vec                  reset_vec    0000
saved_w                    (abs)        007E
servo_set_posicao@pos1     cstackCOMMON 0075
servo_set_posicao@pos2     cstackCOMMON 0074
start                      init         000A
start_initialization       cinit        000B
ttemp0a                    (abs)        007F
wtemp0                     (abs)        007E
wtemp0a                    (abs)        007F


MODULE INFORMATION

Module		Function		Class		Link	Load	Size
servo.c
		_servo_tick_isr		CODE           	00EB	0000	54
		_servo_init    		CODE           	0147	0000	13
		_servo_set_posicao		CODE           	0154	0000	8

servo.c estimated size: 75

uart.c
		_uart_init     		CODE           	0137	0000	16
		_uart_rx_isr   		CODE           	015C	0000	5

uart.c estimated size: 21

shared
		__initialization		CODE           	000B	0000	14

shared estimated size: 14

RX.c
		_main          		CODE           	001B	0000	208
		_isr           		CODE           	0121	0000	22

RX.c estimated size: 230

