Microchip MPLAB XC8 Compiler V3.10

Linker command line:

-W-3 \
  --edf=C:\Program Files\Microchip\xc8\v3.10\pic\dat\20250813170317_en.msgs \
  -cn -h+dist/default/production\timer_motor.X.production.sym \
  --cmf=dist/default/production\timer_motor.X.production.cmf -z -Q16F628A \
  -oC:\Users\arthu\AppData\Local\Temp\xcAs95o.0\driver_tmp_3.o \
  --defsym=__MPLAB_BUILD=1 --fixupoverflow=error \
  -Mdist/default/production/timer_motor.X.production.map \
  --md=C:\Users\arthu\AppData\Local\Temp\xcAs95o.0\driver_tmp_0.dat -E1 \
  -ver=XC8 Compiler -ACODE=00h-07FFh -ASTRCODE=00h-07FFh \
  -ASTRING=00h-0FFhx8 -ACONST=00h-0FFhx8 -AENTRY=00h-0FFhx8 \
  -ACOMMON=070h-07Fh -ABANK0=020h-06Fh -ABANK1=0A0h-0EFh \
  -ABANK2=0120h-014Fh -ARAM=020h-06Fh,0A0h-0EFh,0120h-014Fh \
  -AABS1=020h-07Fh,0A0h-0EFh,0120h-014Fh -ASFR0=00h-01Fh -ASFR1=080h-09Fh \
  -ASFR2=0100h-011Fh -ASFR3=0180h-01EFh -ACONFIG=02007h-02007h -DCONFIG=2 \
  -AIDLOC=02000h-02003h -DIDLOC=2 -AEEDATA=00h-07Fh/02100h \
  -peeprom_data=EEDATA -DEEDATA=2 -DCODE=2 -DSTRCODE=2 -DSTRING=2 -DCONST=2 \
  -DENTRY=2 -preset_vec=00h,intentry=04h,sivt,init,end_init -ppowerup=CODE \
  -pcinit=CODE -pfunctab=ENTRY -k \
  C:\Users\arthu\AppData\Local\Temp\xcAs95o.0\driver_tmp_12.o \
  dist/default/production\timer_motor.X.production.o 

Object code version is 3.11

Machine type is 16F628A



                Name                               Link     Load   Length Selector   Space Scale
C:\Users\arthu\AppData\Local\Temp\xcAs95o.0\driver_tmp_12.o
                end_init                              A        A        1        8       0
                reset_vec                             0        0        1        0       0
                config                             2007     2007        1        0       4
dist/default/production\timer_motor.X.production.o
                cinit                                 B        B       19        8       0
                intentry                              4        4        6        8       0
                config                             2007     2007        1        0       4
                text12                              235      235        D        8       0
                text11                              227      227        E        8       0
                text10                               A6       A6       5E        8       0
                text9                               1EC      1EC       17        8       0
                text8                               203      203       16        8       0
                text7                               219      219        E        8       0
                text6                               104      104       4F        8       0
                text5                               1B3      1B3       20        8       0
                text4                               153      153       35        8       0
                text3                               188      188       2B        8       0
                text2                                24       24       82        8       0
                text1                               1D3      1D3       19        8       0
                maintext                            252      252        7        8       0
                cstackBANK0                          2E       2E        C       20       1
                cstackCOMMON                         70       70        A       70       1
                clrtext                             24A      24A        8        8       0
                dataBANK0                            3A       3A        8       20       1
                bssBANK0                             20       20        E       20       1
                bssCOMMON                            7A       7A        2       70       1
                idataBANK0                          242      242        8        8       0

TOTAL           Name                               Link     Load   Length     Space
        CLASS   CODE           
                end_init                              A        A        1         0
                cinit                                 B        B       19         0
                intentry                              4        4        6         0
                reset_vec                             0        0        1         0
                text12                              235      235        D         0
                text11                              227      227        E         0
                text10                               A6       A6       5E         0
                text9                               1EC      1EC       17         0
                text8                               203      203       16         0
                text7                               219      219        E         0
                text6                               104      104       4F         0
                text5                               1B3      1B3       20         0
                text4                               153      153       35         0
                text3                               188      188       2B         0
                text2                                24       24       82         0
                text1                               1D3      1D3       19         0
                maintext                            252      252        7         0
                clrtext                             24A      24A        8         0
                idataBANK0                          242      242        8         0

        CLASS   STRCODE        

        CLASS   STRING         

        CLASS   CONST          

        CLASS   ENTRY          

        CLASS   COMMON         
                cstackCOMMON                         70       70        A         1
                bssCOMMON                            7A       7A        2         1

        CLASS   BANK0          
                cstackBANK0                          2E       2E        C         1
                dataBANK0                            3A       3A        8         1
                bssBANK0                             20       20        E         1

        CLASS   BANK1          

        CLASS   BANK2          

        CLASS   RAM            

        CLASS   ABS1           
                abs_s1                               7E       7E        2         1

        CLASS   SFR0           

        CLASS   SFR1           

        CLASS   SFR2           

        CLASS   SFR3           

        CLASS   CONFIG         
                config                             2007     2007        1         4

        CLASS   IDLOC          

        CLASS   EEDATA         

        CLASS   BANK3          

        CLASS   HEAP           

        CLASS   STACK          



SEGMENTS        Name                           Load    Length   Top    Selector   Space  Class     Delta

                reset_vec                      000000  000001  000001         0       0  CODE        2
                intentry                       000004  000255  000259         8       0  CODE        2
                bssBANK0                       000020  000022  000042        20       1  BANK0       1
                cstackCOMMON                   000070  00000C  00007C        70       1  COMMON      1


UNUSED ADDRESS RANGES

        Name                Unused          Largest block    Delta
        BANK0            0042-006F             2E           1
        BANK1            00A0-00EF             50           1
        BANK2            0120-014F             30           1
        CODE             0001-0003              3           2
                         0259-07FF            5A7
        COMMON           007C-007D              2           1
        CONST            0001-0003              3           2
                         0259-07FF            100
        EEDATA           2100-217F             80           2
        ENTRY            0001-0003              3           2
                         0259-07FF            100
        IDLOC            2000-2003              4           2
        RAM              0042-006F             2E           1
                         00A0-00EF             50
                         0120-014F             30
        SFR0             0000-001F             20           1
        SFR1             0080-009F             20           1
        SFR2             0100-011F             20           1
        SFR3             0180-01EF             70           1
        STRCODE          0001-0003              3           2
                         0259-07FF            5A7
        STRING           0001-0003              3           2
                         0259-07FF            100

                                  Symbol Table

?_tempo_por_bits              cstackCOMMON 0072
_CMCON                        (abs)        001F
_DW_ok                        bssBANK0     002C
_GIE                          (abs)        005F
_OPTION_REG                   (abs)        0081
_PORTA                        (abs)        0005
_PORTAbits                    (abs)        0005
_PORTB                        (abs)        0006
_PORTBbits                    (abs)        0006
_T0IE                         (abs)        005D
_T0IF                         (abs)        005A
_TELA_ok                      bssBANK0     002B
_TMR0                         (abs)        0001
_TRISA                        (abs)        0085
_TRISB                        (abs)        0086
_UP_ok                        bssBANK0     002D
__H__absolute__               __absolute__ 0000
__Habs1                       abs1         0000
__Hbank0                      bank0        0000
__Hbank1                      bank1        0000
__Hbank2                      bank2        0000
__Hbank3                      bank3        0000
__HbssBANK0                   bssBANK0     0000
__HbssCOMMON                  bssCOMMON    0000
__Hcinit                      cinit        0024
__Hclrtext                    clrtext      0000
__Hcode                       code         0000
__Hcommon                     common       0000
__Hconfig                     config       2008
__HcstackBANK0                cstackBANK0  0000
__HcstackCOMMON               cstackCOMMON 0000
__HdataBANK0                  dataBANK0    0000
__Heeprom_data                eeprom_data  0000
__Hend_init                   end_init     000B
__Hfunctab                    functab      0000
__Hheap                       heap         0000
__HidataBANK0                 idataBANK0   0000
__Hinit                       init         000A
__Hintentry                   intentry     000A
__Hmaintext                   maintext     0000
__Hpowerup                    powerup      0000
__Hram                        ram          0000
__Hreset_vec                  reset_vec    0001
__Hsfr0                       sfr0         0000
__Hsfr1                       sfr1         0000
__Hsfr2                       sfr2         0000
__Hsfr3                       sfr3         0000
__Hsivt                       sivt         000A
__Hspace_0                    (abs)        0259
__Hspace_1                    (abs)        007C
__Hspace_2                    (abs)        0000
__Hspace_3                    (abs)        0000
__Hspace_4                    (abs)        400F
__Hstack                      stack        0000
__Hstrings                    strings      0000
__Htext                       text         0000
__L__absolute__               __absolute__ 0000
__Labs1                       abs1         0000
__Lbank0                      bank0        0000
__Lbank1                      bank1        0000
__Lbank2                      bank2        0000
__Lbank3                      bank3        0000
__LbssBANK0                   bssBANK0     0000
__LbssCOMMON                  bssCOMMON    0000
__Lcinit                      cinit        000B
__Lclrtext                    clrtext      0000
__Lcode                       code         0000
__Lcommon                     common       0000
__Lconfig                     config       0000
__LcstackBANK0                cstackBANK0  0000
__LcstackCOMMON               cstackCOMMON 0000
__LdataBANK0                  dataBANK0    0000
__Leeprom_data                eeprom_data  0000
__Lend_init                   end_init     000A
__Lfunctab                    functab      0000
__Lheap                       heap         0000
__LidataBANK0                 idataBANK0   0000
__Linit                       init         000A
__Lintentry                   intentry     0004
__Lmaintext                   maintext     0000
__Lpowerup                    powerup      0000
__Lram                        ram          0000
__Lreset_vec                  reset_vec    0000
__Lsfr0                       sfr0         0000
__Lsfr1                       sfr1         0000
__Lsfr2                       sfr2         0000
__Lsfr3                       sfr3         0000
__Lsivt                       sivt         000A
__Lspace_0                    (abs)        0000
__Lspace_1                    (abs)        0000
__Lspace_2                    (abs)        0000
__Lspace_3                    (abs)        0000
__Lspace_4                    (abs)        0000
__Lstack                      stack        0000
__Lstrings                    strings      0000
__Ltext                       text         0000
__S0                          (abs)        0259
__S1                          (abs)        007C
__S3                          (abs)        0000
___heap_hi                    (abs)        0000
___heap_lo                    (abs)        0000
___int_sp                     stack        0000
___int_stack_hi               stack        0000
___int_stack_lo               stack        0000
___latbits                    (abs)        0000
___sp                         stack        0000
___stack_hi                   stack        0000
___stack_lo                   stack        0000
___stackhi                    (abs)        0000
___stacklo                    (abs)        0000
__end_of__initialization      cinit        0022
__end_of_atualizar_motor      text6        0153
__end_of_atualizar_tela       text5        01D3
__end_of_define_timer         text3        01B3
__end_of_iniciar_descida      text9        0203
__end_of_iniciar_subida       text8        0219
__end_of_isr                  text10       0104
__end_of_le_entradas_debounce text2        00A6
__end_of_main                 maintext     0259
__end_of_parar_motor          text7        0227
__end_of_parar_tela           text12       0242
__end_of_setup                text1        01EC
__end_of_tempo_por_bits       text4        0188
__end_ofi1_parar_motor        text11       0235
__initialization              cinit        000B
__pbssBANK0                   bssBANK0     0020
__pbssCOMMON                  bssCOMMON    007A
__pcstackBANK0                cstackBANK0  002E
__pcstackCOMMON               cstackCOMMON 0070
__pdataBANK0                  dataBANK0    003A
__pidataBANK0                 idataBANK0   0242
__pintentry                   intentry     0004
__pmaintext                   maintext     0252
__ptext1                      text1        01D3
__ptext10                     text10       00A6
__ptext11                     text11       0227
__ptext12                     text12       0235
__ptext2                      text2        0024
__ptext3                      text3        0188
__ptext4                      text4        0153
__ptext5                      text5        01B3
__ptext6                      text6        0104
__ptext7                      text7        0219
__ptext8                      text8        0203
__ptext9                      text9        01EC
_atualizar_motor              text6        0104
_atualizar_tela               text5        01B3
_contador_motor               bssBANK0     0024
_contador_tela                bssBANK0     0020
_define_timer                 text3        0188
_estado_motor                 bssCOMMON    007B
_fim_INF_ok                   bssBANK0     0029
_fim_SUP_ok                   bssBANK0     002A
_iniciar_descida              text9        01EC
_iniciar_subida               text8        0203
_isr                          text10       00A6
_le_entradas_debounce         text2        0024
_main                         maintext     0252
_parar_motor                  text7        0219
_parar_tela                   text12       0235
_setup                        text1        01D3
_tela_ativa                   bssCOMMON    007A
_tempo_bits_ok                bssBANK0     0028
_tempo_motor                  dataBANK0    003E
_tempo_por_bits               text4        0153
_tempo_tela                   dataBANK0    003A
btemp                         (abs)        007E
btemp0                        (abs)        007E
btemp1                        (abs)        007F
clear_ram0                    clrtext      024A
define_timer@bits_motor       cstackCOMMON 0078
define_timer@bits_tela        cstackCOMMON 0079
end_of_initialization         cinit        0022
i1_parar_motor                text11       0227
interrupt_function            intentry     0004
intlevel0                     functab      0000
intlevel1                     functab      0000
intlevel2                     functab      0000
intlevel3                     functab      0000
intlevel4                     functab      0000
intlevel5                     functab      0000
le_entradas_debounce@dw1      cstackBANK0  002F
le_entradas_debounce@dw2      cstackBANK0  0035
le_entradas_debounce@inf1     cstackBANK0  0032
le_entradas_debounce@inf2     cstackBANK0  0038
le_entradas_debounce@sup1     cstackBANK0  0031
le_entradas_debounce@sup2     cstackBANK0  0037
le_entradas_debounce@tela1    cstackBANK0  0030
le_entradas_debounce@tela2    cstackBANK0  0036
le_entradas_debounce@tempo1   cstackBANK0  0033
le_entradas_debounce@tempo2   cstackBANK0  0039
le_entradas_debounce@up1      cstackBANK0  002E
le_entradas_debounce@up2      cstackBANK0  0034
ltemp0a                       (abs)        0080
reset_vec                     reset_vec    0000
saved_w                       (abs)        007E
start                         init         000A
start_initialization          cinit        000B
tempo_por_bits@valor          cstackCOMMON 0076
ttemp0a                       (abs)        007F
wtemp0                        (abs)        007E
wtemp0a                       (abs)        007F


MODULE INFORMATION

Module		Function		Class		Link	Load	Size
shared
		i1_parar_motor 		CODE           	0227	0000	14
		__initialization		CODE           	000B	0000	23

shared estimated size: 37

main.c
		_le_entradas_debounce		CODE           	0024	0000	130
		_atualizar_motor		CODE           	0104	0000	79
		_main          		CODE           	0252	0000	7
		_isr           		CODE           	00A6	0000	94
		_parar_tela    		CODE           	0235	0000	13
		_iniciar_subida		CODE           	0203	0000	22
		_setup         		CODE           	01D3	0000	25
		_define_timer  		CODE           	0188	0000	43
		_atualizar_tela		CODE           	01B3	0000	32
		_parar_motor   		CODE           	0219	0000	14
		_tempo_por_bits		CODE           	0153	0000	53
		_iniciar_descida		CODE           	01EC	0000	23

main.c estimated size: 535

